******************************************************************************
            TI ARM Clang Linker PC v4.0.0                      
******************************************************************************
>> Linked Fri Jul 25 23:52:20 2025

OUTPUT FILE NAME:   <mspm0-modules.out>
ENTRY POINT SYMBOL: "_c_int00_noargs"  address: 000073f9


MEMORY CONFIGURATION

         name            origin    length      used     unused   attr    fill
----------------------  --------  ---------  --------  --------  ----  --------
  FLASH                 00000000   00020000  00008188  00017e78  R  X
  SRAM                  20200000   00008000  00000397  00007c69  RW X
  BCR_CONFIG            41c00000   000000ff  00000000  000000ff  R   
  BSL_CONFIG            41c00100   00000080  00000000  00000080  R   


SEGMENT ALLOCATION MAP

run origin  load origin   length   init length attrs members
----------  ----------- ---------- ----------- ----- -------
00000000    00000000    00008188   00008188    r-x
  00000000    00000000    000000c0   000000c0    r-- .intvecs
  000000c0    000000c0    00007d50   00007d50    r-x .text
  00007e10    00007e10    00000340   00000340    r-- .rodata
  00008150    00008150    00000038   00000038    r-- .cinit
20200000    20200000    00000199   00000000    rw-
  20200000    20200000    0000012e   00000000    rw- .bss
  20200130    20200130    00000069   00000000    rw- .data
20207e00    20207e00    00000200   00000000    rw-
  20207e00    20207e00    00000200   00000000    rw- .stack


SECTION ALLOCATION MAP

 output                                  attributes/
section   page    origin      length       input sections
--------  ----  ----------  ----------   ----------------
.intvecs   0    00000000    000000c0     
                  00000000    000000c0     startup_mspm0g350x_ticlang.o (.intvecs)

.text      0    000000c0    00007d50     
                  000000c0    000009d0     libc.a : _printfi.c.obj (.text:__TI_printfi)
                  00000a90    000006b8            : e_powf.c.obj (.text.powf)
                  00001148    00000644            : k_rem_pio2.c.obj (.text.__kernel_rem_pio2)
                  0000178c    00000402     FusionAhrs.o (.text.FusionAhrsUpdate)
                  00001b8e    00000002     libclang_rt.builtins.a : aeabi_div0.c.obj (.text.__aeabi_idiv0)
                  00001b90    000002b8     imu660rb.o (.text.IMU660RB_Init)
                  00001e48    00000244     imu660rb.o (.text.Read_IMU660RB)
                  0000208c    00000220     libc.a : _printfi.c.obj (.text._pconv_a)
                  000022ac    000001ee     lsm6dsr_reg.o (.text.lsm6dsr_gy_data_rate_set)
                  0000249a    00000002     libclang_rt.builtins.a : aeabi_div0.c.obj (.text.__aeabi_ldiv0)
                  0000249c    000001ee     lsm6dsr_reg.o (.text.lsm6dsr_xl_data_rate_set)
                  0000268a    00000002     --HOLE-- [fill = 0]
                  0000268c    000001dc     libc.a : _printfi.c.obj (.text._pconv_g)
                  00002868    000001d8     lsm6dsr_reg.o (.text.lsm6dsr_pin_int1_route_set)
                  00002a40    000001d4     libc.a : s_cosf.c.obj (.text.cosf)
                  00002c14    000001c8            : s_atanf.c.obj (.text.atanf)
                  00002ddc    000001c8            : s_sinf.c.obj (.text.sinf)
                  00002fa4    000001c4     FusionAhrs.o (.text.HalfMagnetic)
                  00003168    00000192     libclang_rt.builtins.a : adddf3.S.obj (.text.adddf3_subdf3)
                  000032fa    00000002     --HOLE-- [fill = 0]
                  000032fc    00000174     ti_msp_dl_config.o (.text.SYSCFG_DL_GPIO_init)
                  00003470    00000170     libc.a : e_sqrt.c.obj (.text.sqrt)
                  000035e0    00000160            : e_asinf.c.obj (.text.asinf)
                  00003740    0000014e     FusionAhrs.o (.text.FusionQuaternionMultiply)
                  0000388e    00000002     --HOLE-- [fill = 0]
                  00003890    00000144     interrupt.o (.text.TIMG0_IRQHandler)
                  000039d4    00000144     libc.a : s_floor.c.obj (.text.floor)
                  00003b18    0000013c            : _printfi.c.obj (.text.fcvt)
                  00003c54    00000134     FusionAhrs.o (.text.FusionAhrsSetSettings)
                  00003d88    00000132     FusionAhrs.o (.text.HalfGravity)
                  00003eba    00000002     --HOLE-- [fill = 0]
                  00003ebc    00000120     libc.a : _printfi.c.obj (.text._pconv_e)
                  00003fdc    00000118            : e_atan2f.c.obj (.text.atan2f)
                  000040f4    0000010c     libclang_rt.builtins.a : divdf3.S.obj (.text.__divdf3)
                  00004200    0000010a     FusionAhrs.o (.text.FusionQuaternionMultiplyVector)
                  0000430a    00000002     --HOLE-- [fill = 0]
                  0000430c    00000104     driverlib.a : dl_timer.o (.text.DL_Timer_initFourCCPWMMode)
                  00004410    00000100     FusionOffset.o (.text.FusionOffsetUpdate)
                  00004510    000000f6     pid.o (.text.PID_realize)
                  00004606    000000f0     imu660rb.o (.text.FusionMatrixMultiplyVector)
                  000046f6    000000ee     imu660rb.o (.text.FusionQuaternionToEuler)
                  000047e4    000000ea     imu660rb.o (.text.FusionCalibrationInertial)
                  000048ce    00000002     --HOLE-- [fill = 0]
                  000048d0    000000e8     driverlib.a : dl_timer.o (.text.DL_Timer_initTimerMode)
                  000049b8    000000e4     libclang_rt.builtins.a : muldf3.S.obj (.text.__muldf3)
                  00004a9c    000000dc     driverlib.a : dl_sysctl_mspm0g1x0x_g3x0x.o (.text.DL_SYSCTL_configSYSPLL)
                  00004b78    000000d8     motor.o (.text.Motor_Set_L_Speed)
                  00004c50    000000d8     motor.o (.text.Motor_Set_R_Speed)
                  00004d28    000000d8     libc.a : s_scalbn.c.obj (.text.scalbn)
                  00004e00    000000d8     libclang_rt.builtins.a : addsf3.S.obj (.text)
                  00004ed8    000000d0     FusionAhrs.o (.text.FusionAhrsSetHeading)
                  00004fa8    000000d0     interrupt.o (.text.GROUP1_IRQHandler)
                  00005078    000000b0     libc.a : s_scalbnf.c.obj (.text.scalbnf)
                  00005128    000000ac            : s_cosf.c.obj (.text.__kernel_sindf)
                  000051d4    000000ac            : s_sinf.c.obj (.text.__kernel_sindf)
                  00005280    000000ac     lsm6dsr_reg.o (.text.lsm6dsr_pin_int1_route_get)
                  0000532c    000000a2     libclang_rt.builtins.a : udivmoddi4.S.obj (.text)
                  000053ce    00000002     --HOLE-- [fill = 0]
                  000053d0    000000a0     libc.a : e_sqrtf.c.obj (.text.sqrtf)
                  00005470    0000009c     FusionAhrs.o (.text.FusionAhrsReset)
                  0000550c    0000009c     libc.a : s_cosf.c.obj (.text.__kernel_cosdf)
                  000055a8    0000009c            : s_sinf.c.obj (.text.__kernel_cosdf)
                  00005644    00000094     FusionAhrs.o (.text.FusionVectorCrossProduct)
                  000056d8    00000092     lsm6dsr_reg.o (.text.lsm6dsr_fsm_data_rate_get)
                  0000576a    00000002     --HOLE-- [fill = 0]
                  0000576c    00000090     ti_msp_dl_config.o (.text.SYSCFG_DL_PWM_Motor_init)
                  000057fc    0000008c     ti_msp_dl_config.o (.text.SYSCFG_DL_initPower)
                  00005888    0000008c     libclang_rt.builtins.a : mulsf3.S.obj (.text.__mulsf3)
                  00005914    00000088     lsm6dsr_reg.o (.text.lsm6dsr_i3c_disable_set)
                  0000599c    00000086     FusionAhrs.o (.text.FusionQuaternionNormalise)
                  00005a22    00000002     --HOLE-- [fill = 0]
                  00005a24    00000084     clock.o (.text.__NVIC_SetPriority)
                  00005aa8    00000084     ti_msp_dl_config.o (.text.__NVIC_SetPriority)
                  00005b2c    00000082     FusionAhrs.o (.text.Feedback)
                  00005bae    00000002     --HOLE-- [fill = 0]
                  00005bb0    00000082     libclang_rt.builtins.a : divsf3.S.obj (.text.__divsf3)
                  00005c32    0000007c     FusionAhrs.o (.text.FusionAhrsUpdateNoMagnetometer)
                  00005cae    00000002     --HOLE-- [fill = 0]
                  00005cb0    0000007c     libc.a : copy_decompress_lzss.c.obj (.text:decompress:lzss)
                  00005d2c    00000074     libclang_rt.builtins.a : comparedf2.c.obj (.text.__gedf2)
                  00005da0    00000074                            : truncdfsf2.S.obj (.text.__truncdfsf2)
                  00005e14    00000068     interrupt.o (.text.Interrupt_Init)
                  00005e7c    00000068     libclang_rt.builtins.a : comparedf2.c.obj (.text.__ledf2)
                  00005ee4    00000066     libc.a : _printfi.c.obj (.text._mcpy)
                  00005f4a    00000002     --HOLE-- [fill = 0]
                  00005f4c    00000064     pid.o (.text.Speed_Control)
                  00005fb0    00000062     libclang_rt.builtins.a : aeabi_dcmp.S.obj (.text.__aeabi_dcmp)
                  00006012    00000002     --HOLE-- [fill = 0]
                  00006014    00000062                            : aeabi_fcmp.S.obj (.text.__aeabi_fcmp)
                  00006076    00000002     --HOLE-- [fill = 0]
                  00006078    00000060     imu660rb.o (.text.platform_read)
                  000060d8    0000005e     FusionAhrs.o (.text.FusionQuaternionAdd)
                  00006136    0000005e     lsm6dsr_reg.o (.text.lsm6dsr_fsm_enable_get)
                  00006194    0000005c     libc.a : s_frexp.c.obj (.text.frexp)
                  000061f0    00000058     ti_msp_dl_config.o (.text.SYSCFG_DL_I2C_OLED_init)
                  00006248    00000058     libc.a : _ltoa.c.obj (.text.__TI_ltoa)
                  000062a0    00000058            : _printfi.c.obj (.text._pconv_f)
                  000062f8    00000058     imu660rb.o (.text.platform_write)
                  00006350    00000056     libclang_rt.builtins.a : aeabi_idivmod.S.obj (.text.__aeabi_idivmod)
                  000063a6    00000056     lsm6dsr_reg.o (.text.lsm6dsr_acceleration_raw_get)
                  000063fc    00000056     lsm6dsr_reg.o (.text.lsm6dsr_angular_rate_raw_get)
                  00006452    00000052     libc.a : _printfi.c.obj (.text._ecpy)
                  000064a4    00000050     FusionOffset.o (.text.FusionOffsetInitialise)
                  000064f4    00000050     FusionAhrs.o (.text.FusionVectorIsZero)
                  00006544    00000050     clock.o (.text.SysTick_Config)
                  00006594    00000050     imu660rb.o (.text.spiTransferByte)
                  000065e4    0000004c     ti_msp_dl_config.o (.text.DL_UART_setBaudRateDivisor)
                  00006630    0000004c     imu660rb.o (.text.FusionAsin)
                  0000667c    0000004c     FusionAhrs.o (.text.FusionFastInverseSqrt)
                  000066c8    0000004a     libclang_rt.builtins.a : fixdfsi.S.obj (.text.__fixdfsi)
                  00006712    00000002     --HOLE-- [fill = 0]
                  00006714    00000048     main.o (.text.DISTANCE)
                  0000675c    00000048     driverlib.a : dl_uart.o (.text.DL_UART_init)
                  000067a4    00000048     ti_msp_dl_config.o (.text.SYSCFG_DL_SYSCTL_init)
                  000067ec    00000048     lsm6dsr_reg.o (.text.lsm6dsr_gy_full_scale_set)
                  00006834    00000046     FusionAhrs.o (.text.FusionVectorAdd)
                  0000687a    00000046     FusionOffset.o (.text.FusionVectorAdd)
                  000068c0    00000046     FusionAhrs.o (.text.FusionVectorHadamardProduct)
                  00006906    00000046     imu660rb.o (.text.FusionVectorHadamardProduct)
                  0000694c    00000046     FusionOffset.o (.text.FusionVectorSubtract)
                  00006992    00000046     imu660rb.o (.text.FusionVectorSubtract)
                  000069d8    00000046     lsm6dsr_reg.o (.text.lsm6dsr_block_data_update_set)
                  00006a1e    00000046     lsm6dsr_reg.o (.text.lsm6dsr_gy_filter_lp1_set)
                  00006a64    00000046     lsm6dsr_reg.o (.text.lsm6dsr_reset_set)
                  00006aaa    00000046     lsm6dsr_reg.o (.text.lsm6dsr_xl_full_scale_set)
                  00006af0    00000044     driverlib.a : dl_spi.o (.text.DL_SPI_init)
                  00006b34    00000044                 : dl_sysctl_mspm0g1x0x_g3x0x.o (.text.DL_SYSCTL_switchMCLKfromSYSOSCtoHSCLK)
                  00006b78    00000044     lsm6dsr_reg.o (.text.lsm6dsr_data_ready_mode_set)
                  00006bbc    00000044     lsm6dsr_reg.o (.text.lsm6dsr_mem_bank_set)
                  00006c00    00000040     FusionAhrs.o (.text.FusionVectorDotProduct)
                  00006c40    00000040     ti_msp_dl_config.o (.text.SYSCFG_DL_PIT_FOR_CONTROL_init)
                  00006c80    00000040     ti_msp_dl_config.o (.text.SYSCFG_DL_SPI_IMU660RB_init)
                  00006cc0    00000040     ti_msp_dl_config.o (.text.SYSCFG_DL_UART_0_init)
                  00006d00    00000040     libclang_rt.builtins.a : aeabi_uidivmod.S.obj (.text.__aeabi_uidivmod)
                  00006d40    00000040                            : extendsfdf2.S.obj (.text.__extendsfdf2)
                  00006d80    00000040     libc.a : atoi.c.obj (.text.atoi)
                  00006dc0    00000040     lsm6dsr_reg.o (.text.lsm6dsr_read_reg)
                  00006e00    00000040     lsm6dsr_reg.o (.text.lsm6dsr_write_reg)
                  00006e40    0000003c     ti_msp_dl_config.o (.text.DL_GPIO_initPeripheralInputFunctionFeatures)
                  00006e7c    0000003c     ti_msp_dl_config.o (.text.DL_Timer_setCounterControl)
                  00006eb8    0000003c     libclang_rt.builtins.a : floatsisf.S.obj (.text.__floatsisf)
                  00006ef4    0000003c                            : comparesf2.S.obj (.text.__gtsf2)
                  00006f30    0000003c     libc.a : autoinit.c.obj (.text:__TI_auto_init_nobinit_nopinit)
                  00006f6c    0000003a     libclang_rt.builtins.a : comparesf2.S.obj (.text.__eqsf2)
                  00006fa6    00000002     --HOLE-- [fill = 0]
                  00006fa8    0000003a                            : muldsi3.S.obj (.text.__muldsi3)
                  00006fe2    00000002     --HOLE-- [fill = 0]
                  00006fe4    00000038                            : fixsfsi.S.obj (.text.__fixsfsi)
                  0000701c    00000038     libc.a : sprintf.c.obj (.text.sprintf)
                  00007054    00000036     FusionAhrs.o (.text.FusionVectorMultiplyScalar)
                  0000708a    00000036     FusionOffset.o (.text.FusionVectorMultiplyScalar)
                  000070c0    00000034     FusionAhrs.o (.text.Clamp)
                  000070f4    00000034     ti_msp_dl_config.o (.text.DL_GPIO_initDigitalInputFeatures)
                  00007128    00000032     FusionAhrs.o (.text.FusionVectorNormalise)
                  0000715a    00000002     --HOLE-- [fill = 0]
                  0000715c    00000032     libclang_rt.builtins.a : fixunssfsi.S.obj (.text.__fixunssfsi)
                  0000718e    00000002     --HOLE-- [fill = 0]
                  00007190    00000030     ti_msp_dl_config.o (.text.DL_SPI_setFIFOThreshold)
                  000071c0    00000030     ti_msp_dl_config.o (.text.SYSCFG_DL_init)
                  000071f0    00000030     libc.a : _printfi.c.obj (.text._fcpy)
                  00007220    00000030     clock.o (.text.mspm0_delay_ms)
                  00007250    0000002e     lsm6dsr_reg.o (.text.lsm6dsr_reset_get)
                  0000727e    00000002     --HOLE-- [fill = 0]
                  00007280    0000002c     interrupt.o (.text.__NVIC_ClearPendingIRQ)
                  000072ac    0000002c     interrupt.o (.text.__NVIC_EnableIRQ)
                  000072d8    0000002c     libclang_rt.builtins.a : floatsidf.S.obj (.text.__floatsidf)
                  00007304    0000002a     FusionAhrs.o (.text.FusionVectorMagnitudeSquared)
                  0000732e    00000028     ti_msp_dl_config.o (.text.DL_Common_updateReg)
                  00007356    00000002     --HOLE-- [fill = 0]
                  00007358    00000028     ti_msp_dl_config.o (.text.DL_I2C_setControllerRXFIFOThreshold)
                  00007380    00000028     ti_msp_dl_config.o (.text.DL_I2C_setControllerTXFIFOThreshold)
                  000073a8    00000028     FusionAhrs.o (.text.FusionAhrsInitialise)
                  000073d0    00000028     libclang_rt.builtins.a : floatunsisf.S.obj (.text.__floatunsisf)
                  000073f8    00000028     libc.a : boot_cortex_m.c.obj (.text:_c_int00_noargs)
                  00007420    00000026     ti_msp_dl_config.o (.text.DL_I2C_setAnalogGlitchFilterPulseWidth)
                  00007446    00000026     driverlib.a : dl_i2c.o (.text.DL_I2C_setClockConfig)
                  0000746c    00000026     lsm6dsr_reg.o (.text.lsm6dsr_gy_flag_data_ready_get)
                  00007492    00000002     --HOLE-- [fill = 0]
                  00007494    00000024     ti_msp_dl_config.o (.text.DL_SPI_setBitRateSerialClockDivider)
                  000074b8    00000024     libclang_rt.builtins.a : muldi3.S.obj (.text.__muldi3)
                  000074dc    00000022     lsm6dsr_reg.o (.text.lsm6dsr_odr_cal_reg_get)
                  000074fe    00000022     main.o (.text.main)
                  00007520    00000022     libc.a : memccpy.c.obj (.text.memccpy)
                  00007542    00000002     --HOLE-- [fill = 0]
                  00007544    00000020     ti_msp_dl_config.o (.text.DL_GPIO_initPeripheralInputFunction)
                  00007564    00000020     ti_msp_dl_config.o (.text.DL_SYSCTL_setFlashWaitState)
                  00007584    00000020     FusionAhrs.o (.text.FusionAhrsGetQuaternion)
                  000075a4    00000020     lsm6dsr_reg.o (.text.lsm6dsr_from_fs2000dps_to_mdps)
                  000075c4    00000020     lsm6dsr_reg.o (.text.lsm6dsr_from_fs2g_to_mg)
                  000075e4    0000001e     ti_msp_dl_config.o (.text.DL_UART_setOversampling)
                  00007602    00000002     --HOLE-- [fill = 0]
                  00007604    0000001e     libclang_rt.builtins.a : ashldi3.S.obj (.text.__ashldi3)
                  00007622    00000002     --HOLE-- [fill = 0]
                  00007624    0000001c     interrupt.o (.text.DL_GPIO_clearInterruptStatus)
                  00007640    0000001c     ti_msp_dl_config.o (.text.DL_GPIO_clearInterruptStatus)
                  0000765c    0000001c     ti_msp_dl_config.o (.text.DL_GPIO_enableHiZ)
                  00007678    0000001c     interrupt.o (.text.DL_GPIO_enableInterrupt)
                  00007694    0000001c     ti_msp_dl_config.o (.text.DL_GPIO_enableInterrupt)
                  000076b0    0000001c     ti_msp_dl_config.o (.text.DL_GPIO_initPeripheralOutputFunction)
                  000076cc    0000001c     ti_msp_dl_config.o (.text.DL_GPIO_setLowerPinsPolarity)
                  000076e8    0000001c     ti_msp_dl_config.o (.text.DL_SYSCTL_setSYSOSCFreq)
                  00007704    0000001c     ti_msp_dl_config.o (.text.DL_SYSCTL_setULPCLKDivider)
                  00007720    0000001c     ti_msp_dl_config.o (.text.DL_Timer_enableInterrupt)
                  0000773c    0000001c     driverlib.a : dl_timer.o (.text.DL_Timer_setCaptCompUpdateMethod)
                  00007758    0000001c                 : dl_timer.o (.text.DL_Timer_setClockConfig)
                  00007774    0000001c     FusionAhrs.o (.text.FusionVectorSum)
                  00007790    0000001c     lsm6dsr_reg.o (.text.lsm6dsr_device_id_get)
                  000077ac    00000018     ti_msp_dl_config.o (.text.DL_GPIO_enableOutput)
                  000077c4    00000018     ti_msp_dl_config.o (.text.DL_GPIO_enablePower)
                  000077dc    00000018     interrupt.o (.text.DL_GPIO_getEnabledInterruptStatus)
                  000077f4    00000018     ti_msp_dl_config.o (.text.DL_GPIO_initDigitalOutput)
                  0000780c    00000018     ti_msp_dl_config.o (.text.DL_GPIO_reset)
                  00007824    00000018     imu660rb.o (.text.DL_GPIO_setPins)
                  0000783c    00000018     motor.o (.text.DL_GPIO_setPins)
                  00007854    00000018     ti_msp_dl_config.o (.text.DL_GPIO_setUpperPinsPolarity)
                  0000786c    00000018     ti_msp_dl_config.o (.text.DL_I2C_enableAnalogGlitchFilter)
                  00007884    00000018     ti_msp_dl_config.o (.text.DL_I2C_enableController)
                  0000789c    00000018     ti_msp_dl_config.o (.text.DL_I2C_enableControllerClockStretching)
                  000078b4    00000018     ti_msp_dl_config.o (.text.DL_I2C_enablePower)
                  000078cc    00000018     ti_msp_dl_config.o (.text.DL_I2C_reset)
                  000078e4    00000018     ti_msp_dl_config.o (.text.DL_I2C_setTimerPeriod)
                  000078fc    00000018     ti_msp_dl_config.o (.text.DL_SPI_enable)
                  00007914    00000018     ti_msp_dl_config.o (.text.DL_SPI_enablePower)
                  0000792c    00000018     imu660rb.o (.text.DL_SPI_isBusy)
                  00007944    00000018     imu660rb.o (.text.DL_SPI_isRXFIFOEmpty)
                  0000795c    00000018     ti_msp_dl_config.o (.text.DL_SPI_reset)
                  00007974    00000018     ti_msp_dl_config.o (.text.DL_SYSCTL_setBORThreshold)
                  0000798c    00000018     ti_msp_dl_config.o (.text.DL_Timer_enablePower)
                  000079a4    00000018     ti_msp_dl_config.o (.text.DL_Timer_reset)
                  000079bc    00000018     driverlib.a : dl_timer.o (.text.DL_Timer_setCaptureCompareOutCtl)
                  000079d4    00000018     interrupt.o (.text.DL_Timer_startCounter)
                  000079ec    00000018     ti_msp_dl_config.o (.text.DL_UART_enablePower)
                  00007a04    00000018     ti_msp_dl_config.o (.text.DL_UART_reset)
                  00007a1c    00000018     FusionAhrs.o (.text.FusionDegreesToRadians)
                  00007a34    00000018     imu660rb.o (.text.FusionRadiansToDegrees)
                  00007a4c    00000018     clock.o (.text.SysTick_Init)
                  00007a64    00000018     libc.a : sprintf.c.obj (.text._outs)
                  00007a7c    00000016     interrupt.o (.text.DL_GPIO_readPins)
                  00007a92    00000016     imu660rb.o (.text.DL_SPI_transmitData8)
                  00007aa8    00000016     ti_msp_dl_config.o (.text.DL_UART_enable)
                  00007abe    00000016     interrupt.o (.text.DL_UART_transmitData)
                  00007ad4    00000016     libc.a : k_rem_pio2.c.obj (.text.OUTLINED_FUNCTION_0)
                  00007aea    00000002     --HOLE-- [fill = 0]
                  00007aec    00000010     libclang_rt.builtins.a : adddf3.S.obj (.tramp.__aeabi_dadd.1)
                  00007afc    00000016     libc.a : copy_zero_init.c.obj (.text:decompress:ZI:__TI_zero_init_nomemset)
                  00007b12    00000014     imu660rb.o (.text.DL_GPIO_clearPins)
                  00007b26    00000014     motor.o (.text.DL_GPIO_clearPins)
                  00007b3a    00000014     ti_msp_dl_config.o (.text.DL_GPIO_clearPins)
                  00007b4e    00000002     --HOLE-- [fill = 0]
                  00007b50    00000014     ti_msp_dl_config.o (.text.DL_I2C_resetControllerTransfer)
                  00007b64    00000014     imu660rb.o (.text.DL_SPI_receiveData8)
                  00007b78    00000014     ti_msp_dl_config.o (.text.DL_SYSCTL_disableSYSPLL)
                  00007b8c    00000014     ti_msp_dl_config.o (.text.DL_Timer_enableClock)
                  00007ba0    00000014     ti_msp_dl_config.o (.text.DL_Timer_setCCPDirection)
                  00007bb4    00000014     libclang_rt.builtins.a : aeabi_uldivmod.S.obj (.text.__aeabi_uldivmod)
                  00007bc8    00000014     libc.a : _printfi.c.obj (.text.strchr)
                  00007bdc    00000012     driverlib.a : dl_spi.o (.text.DL_SPI_setClockConfig)
                  00007bee    00000012                 : dl_uart.o (.text.DL_UART_setClockConfig)
                  00007c00    00000012     libc.a : memcpy16.S.obj (.text:TI_memcpy_small)
                  00007c12    00000012            : copy_decompress_none.c.obj (.text:decompress:none)
                  00007c24    00000010     ti_msp_dl_config.o (.text.DL_SYSCTL_disableHFXT)
                  00007c34    00000010     driverlib.a : dl_timer.o (.text.DL_Timer_setCaptureCompareValue)
                  00007c44    00000010     libc.a : k_rem_pio2.c.obj (.text.OUTLINED_FUNCTION_2)
                  00007c54    00000010     pid.o (.text.PID_SetTarget)
                  00007c64    00000010     interrupt.o (.text.SysTick_Handler)
                  00007c74    00000010     imu660rb.o (.text.platform_delay)
                  00007c84    00000010     libc.a : wcslen.c.obj (.text.wcslen)
                  00007c94    0000000e     libclang_rt.builtins.a : aeabi_memset.S.obj (.text.__aeabi_memset)
                  00007ca2    0000000e     libc.a : _printfi.c.obj (.text.strlen)
                  00007cb0    0000000e            : memset16.S.obj (.text:TI_memset_small)
                  00007cbe    0000000a     driverlib.a : dl_common.o (.text.DL_Common_delayCycles)
                  00007cc8    0000000a     libc.a : _printfi.c.obj (.text.OUTLINED_FUNCTION_0)
                  00007cd2    00000002     --HOLE-- [fill = 0]
                  00007cd4    00000010     libclang_rt.builtins.a : adddf3.S.obj (.tramp.__aeabi_dsub.1)
                  00007ce4    0000000a     libc.a : _printfi.c.obj (.text.OUTLINED_FUNCTION_1)
                  00007cee    0000000a            : k_rem_pio2.c.obj (.text.OUTLINED_FUNCTION_1)
                  00007cf8    0000000a            : s_cosf.c.obj (.text.OUTLINED_FUNCTION_3)
                  00007d02    0000000a            : s_sinf.c.obj (.text.OUTLINED_FUNCTION_3)
                  00007d0c    0000000a            : sprintf.c.obj (.text._outc)
                  00007d16    00000002     --HOLE-- [fill = 0]
                  00007d18    00000008            : aeabi_portable.c.obj (.text.__aeabi_errno_addr)
                  00007d20    00000008     libclang_rt.builtins.a : aeabi_memcpy.S.obj (.text.__aeabi_memcpy)
                  00007d28    00000006     libc.a : e_asinf.c.obj (.text.OUTLINED_FUNCTION_0)
                  00007d2e    00000002     --HOLE-- [fill = 0]
                  00007d30    00000010     libclang_rt.builtins.a : mulsf3.S.obj (.tramp.__aeabi_fmul.1)
                  00007d40    00000006     libc.a : s_atanf.c.obj (.text.OUTLINED_FUNCTION_0)
                  00007d46    00000002     --HOLE-- [fill = 0]
                  00007d48    00000010     libclang_rt.builtins.a : divsf3.S.obj (.tramp.__aeabi_fdiv.1)
                  00007d58    00000006     libc.a : s_cosf.c.obj (.text.OUTLINED_FUNCTION_0)
                  00007d5e    00000002     --HOLE-- [fill = 0]
                  00007d60    00000010     libclang_rt.builtins.a : muldf3.S.obj (.tramp.__aeabi_dmul.1)
                  00007d70    00000006     libc.a : s_sinf.c.obj (.text.OUTLINED_FUNCTION_0)
                  00007d76    00000006            : e_powf.c.obj (.text.OUTLINED_FUNCTION_1)
                  00007d7c    00000006            : s_cosf.c.obj (.text.OUTLINED_FUNCTION_1)
                  00007d82    00000006            : s_sinf.c.obj (.text.OUTLINED_FUNCTION_1)
                  00007d88    00000006            : e_powf.c.obj (.text.OUTLINED_FUNCTION_3)
                  00007d8e    00000002     --HOLE-- [fill = 0]
                  00007d90    00000010     libclang_rt.builtins.a : addsf3.S.obj (.tramp.__aeabi_fadd.1)
                  00007da0    00000006     libc.a : e_powf.c.obj (.text.OUTLINED_FUNCTION_4)
                  00007da6    00000002     --HOLE-- [fill = 0]
                  00007da8    00000010     libclang_rt.builtins.a : addsf3.S.obj (.tramp.__aeabi_fsub.1)
                  00007db8    00000006     libc.a : e_powf.c.obj (.text.OUTLINED_FUNCTION_5)
                  00007dbe    00000006            : e_powf.c.obj (.text.OUTLINED_FUNCTION_6)
                  00007dc4    00000004     startup_mspm0g350x_ticlang.o (.text.Default_Handler)
                  00007dc8    00000004     libc.a : e_powf.c.obj (.text.OUTLINED_FUNCTION_0)
                  00007dcc    00000004            : s_atanf.c.obj (.text.OUTLINED_FUNCTION_1)
                  00007dd0    00000004            : e_powf.c.obj (.text.OUTLINED_FUNCTION_2)
                  00007dd4    00000004            : s_cosf.c.obj (.text.OUTLINED_FUNCTION_2)
                  00007dd8    00000010     libclang_rt.builtins.a : extendsfdf2.S.obj (.tramp.__aeabi_f2d.1)
                  00007de8    00000004     libc.a : s_sinf.c.obj (.text.OUTLINED_FUNCTION_2)
                  00007dec    00000004            : e_powf.c.obj (.text.OUTLINED_FUNCTION_7)
                  00007df0    00000004            : e_powf.c.obj (.text.OUTLINED_FUNCTION_8)
                  00007df4    00000004     startup_mspm0g350x_ticlang.o (.text.Reset_Handler)
                  00007df8    00000010     libc.a : boot_cortex_m.c.obj (.tramp._c_int00_noargs.1)
                  00007e08    00000004            : pre_init.c.obj (.text._system_pre_init)
                  00007e0c    00000004            : exit.c.obj (.text:abort)

.cinit     0    00008150    00000038     
                  00008150    00000014     (.cinit..data.load) [load image, compression = lzss]
                  00008164    0000000c     (__TI_handler_table)
                  00008170    00000008     (.cinit..bss.load) [load image, compression = zero_init]
                  00008178    00000010     (__TI_cinit_table)

.rodata    0    00007e10    00000340     
                  00007e10    00000108     libc.a : k_rem_pio2.c.obj (.rodata.ipio2)
                  00007f18    00000008     ti_msp_dl_config.o (.rodata.gPWM_MotorConfig)
                  00007f20    00000101     libc.a : aeabi_ctype.S.obj (.rodata:__aeabi_ctype_table_)
                  00008021    00000003     ti_msp_dl_config.o (.rodata.gPIT_FOR_CONTROLClockConfig)
                  00008024    00000003     ti_msp_dl_config.o (.rodata.gPWM_MotorClockConfig)
                  00008027    00000001     --HOLE-- [fill = 0]
                  00008028    00000040     libc.a : k_rem_pio2.c.obj (.rodata.PIo2)
                  00008068    00000028     ti_msp_dl_config.o (.rodata.gSYSPLLConfig)
                  00008090    00000020     libc.a : s_atanf.c.obj (.rodata.cst16)
                  000080b0    00000018     FusionAhrs.o (.rodata..L__const.FusionAhrsInitialise.settings)
                  000080c8    00000018     libc.a : e_powf.c.obj (.rodata.cst8)
                  000080e0    00000014     ti_msp_dl_config.o (.rodata.gPIT_FOR_CONTROLTimerConfig)
                  000080f4    00000011     libc.a : _printfi.c.obj (.rodata.str1.103488685894817597201)
                  00008105    00000011            : _printfi.c.obj (.rodata.str1.153638888446227384661)
                  00008116    00000002     ti_msp_dl_config.o (.rodata.gI2C_OLEDClockConfig)
                  00008118    00000010     libc.a : k_rem_pio2.c.obj (.rodata.cst16)
                  00008128    00000010     interrupt.o (.rodata.str1.114116155528194168281)
                  00008138    0000000a     ti_msp_dl_config.o (.rodata.gSPI_IMU660RB_config)
                  00008142    0000000a     ti_msp_dl_config.o (.rodata.gUART_0Config)
                  0000814c    00000002     ti_msp_dl_config.o (.rodata.gSPI_IMU660RB_clockConfig)
                  0000814e    00000002     ti_msp_dl_config.o (.rodata.gUART_0ClockConfig)

.init_array 
*          0    00000000    00000000     UNINITIALIZED

.binit     0    00000000    00000000     

.bss       0    20200000    0000012e     UNINITIALIZED
                  20200000    00000074     (.common:ahrs)
                  20200074    00000028     (.common:gSPI_IMU660RBBackup)
                  2020009c    00000024     (.common:Speed_PID)
                  202000c0    00000018     imu660rb.o (.bss.offset)
                  202000d8    00000014     imu660rb.o (.bss.dev_ctx)
                  202000ec    0000000c     (.common:acceleration_mg)
                  202000f8    0000000c     (.common:angular_rate_mdps)
                  20200104    0000000c     (.common:euler)
                  20200110    00000006     imu660rb.o (.bss.data_raw_acceleration)
                  20200116    00000006     imu660rb.o (.bss.data_raw_angular_rate)
                  2020011c    00000004     imu660rb.o (.bss.samplePeriod)
                  20200120    00000004     imu660rb.o (.bss.sampleRate)
                  20200124    00000004     (.common:start_time)
                  20200128    00000004     (.common:tick_ms)
                  2020012c    00000001     imu660rb.o (.bss.rst)
                  2020012d    00000001     imu660rb.o (.bss.whoamI)

.data      0    20200130    00000069     UNINITIALIZED
                  20200130    00000024     imu660rb.o (.data.gyroscopeMisalignment)
                  20200154    0000000c     imu660rb.o (.data.gyroscopeOffset)
                  20200160    0000000c     imu660rb.o (.data.gyroscopeSensitivity)
                  2020016c    00000004     interrupt.o (.data.Left_Encoder_Count)
                  20200170    00000004     interrupt.o (.data.Left_Motor_Distance)
                  20200174    00000004     interrupt.o (.data.Left_Motor_Speed)
                  20200178    00000004     interrupt.o (.data.Left_Motor_Velocity)
                  2020017c    00000004     interrupt.o (.data.Right_Encoder_Count)
                  20200180    00000004     interrupt.o (.data.Right_Motor_Distance)
                  20200184    00000004     interrupt.o (.data.Right_Motor_Speed)
                  20200188    00000004     interrupt.o (.data.Right_Motor_Velocity)
                  2020018c    00000004     libc.a : aeabi_portable.c.obj (.data.__aeabi_errno)
                  20200190    00000004     interrupt.o (.data.last_Left_Encoder_Count)
                  20200194    00000004     interrupt.o (.data.last_Right_Encoder_Count)
                  20200198    00000001     interrupt.o (.data.enable_group1_irq)

.stack     0    20207e00    00000200     UNINITIALIZED
                  20207e00    00000004     libc.a : boot_cortex_m.c.obj (.stack)
                  20207e04    000001fc     --HOLE--

__llvm_prf_cnts 
*          0    20200000    00000000     UNINITIALIZED

__llvm_prf_bits 
*          0    20200000    00000000     UNINITIALIZED

MODULE SUMMARY

       Module                         code    ro data   rw data
       ------                         ----    -------   -------
    .\
       ti_msp_dl_config.o             2590    100       40     
       startup_mspm0g350x_ticlang.o   8       192       0      
       main.o                         106     0         0      
    +--+------------------------------+-------+---------+---------+
       Total:                         2704    292       40     
                                                               
    .\Drivers\IMU660RB\
       lsm6dsr_reg.o                  3006    0         0      
       imu660rb.o                     2642    0         278    
    +--+------------------------------+-------+---------+---------+
       Total:                         5648    0         278    
                                                               
    .\Drivers\IMU660RB\Fusion\
       FusionAhrs.o                   4368    24        0      
       FusionOffset.o                 530     0         0      
    +--+------------------------------+-------+---------+---------+
       Total:                         4898    24        0      
                                                               
    .\Drivers\MSPM0\
       interrupt.o                    888     16        41     
       clock.o                        284     0         8      
    +--+------------------------------+-------+---------+---------+
       Total:                         1172    16        49     
                                                               
    .\Drivers\Motor\
       motor.o                        476     0         0      
    +--+------------------------------+-------+---------+---------+
       Total:                         476     0         0      
                                                               
    .\Drivers\PID\
       pid.o                          362     0         36     
    +--+------------------------------+-------+---------+---------+
       Total:                         362     0         36     
                                                               
    C:/ti/ccstheia151/mspm0_sdk_2_05_01_00/source/ti/driverlib/lib/ticlang/m0p/mspm0g1x0x_g3x0x/driverlib.a
       dl_timer.o                     588     0         0      
       dl_sysctl_mspm0g1x0x_g3x0x.o   288     0         0      
       dl_uart.o                      90      0         0      
       dl_spi.o                       86      0         0      
       dl_i2c.o                       38      0         0      
       dl_common.o                    10      0         0      
    +--+------------------------------+-------+---------+---------+
       Total:                         1100    0         0      
                                                               
    C:\ti\ccstheia151\ccs\tools\compiler\ti-cgt-armllvm_4.0.0.LTS\lib\armv6m-ti-none-eabi/c/libc.a
       _printfi.c.obj                 4510    34        0      
       k_rem_pio2.c.obj               1652    344       0      
       e_powf.c.obj                   1766    24        0      
       s_cosf.c.obj                   822     0         0      
       s_sinf.c.obj                   810     0         0      
       s_atanf.c.obj                  466     32        0      
       e_sqrt.c.obj                   368     0         0      
       e_asinf.c.obj                  358     0         0      
       s_floor.c.obj                  324     0         0      
       e_atan2f.c.obj                 280     0         0      
       aeabi_ctype.S.obj              0       257       0      
       s_scalbn.c.obj                 216     0         0      
       s_scalbnf.c.obj                176     0         0      
       e_sqrtf.c.obj                  160     0         0      
       copy_decompress_lzss.c.obj     124     0         0      
       s_frexp.c.obj                  92      0         0      
       sprintf.c.obj                  90      0         0      
       _ltoa.c.obj                    88      0         0      
       atoi.c.obj                     64      0         0      
       autoinit.c.obj                 60      0         0      
       boot_cortex_m.c.obj            56      0         0      
       memccpy.c.obj                  34      0         0      
       copy_zero_init.c.obj           22      0         0      
       copy_decompress_none.c.obj     18      0         0      
       memcpy16.S.obj                 18      0         0      
       wcslen.c.obj                   16      0         0      
       memset16.S.obj                 14      0         0      
       aeabi_portable.c.obj           8       0         4      
       exit.c.obj                     4       0         0      
       pre_init.c.obj                 4       0         0      
    +--+------------------------------+-------+---------+---------+
       Total:                         12620   691       4      
                                                               
    C:\ti\ccstheia151\ccs\tools\compiler\ti-cgt-armllvm_4.0.0.LTS\lib\armv6m-ti-none-eabi/libclang_rt.builtins.a
       adddf3.S.obj                   434     0         0      
       divdf3.S.obj                   268     0         0      
       addsf3.S.obj                   248     0         0      
       muldf3.S.obj                   244     0         0      
       comparedf2.c.obj               220     0         0      
       udivmoddi4.S.obj               162     0         0      
       mulsf3.S.obj                   156     0         0      
       divsf3.S.obj                   146     0         0      
       comparesf2.S.obj               118     0         0      
       truncdfsf2.S.obj               116     0         0      
       aeabi_dcmp.S.obj               98      0         0      
       aeabi_fcmp.S.obj               98      0         0      
       aeabi_idivmod.S.obj            86      0         0      
       extendsfdf2.S.obj              80      0         0      
       fixdfsi.S.obj                  74      0         0      
       aeabi_uidivmod.S.obj           64      0         0      
       floatsisf.S.obj                60      0         0      
       muldsi3.S.obj                  58      0         0      
       fixsfsi.S.obj                  56      0         0      
       fixunssfsi.S.obj               50      0         0      
       floatsidf.S.obj                44      0         0      
       floatunsisf.S.obj              40      0         0      
       muldi3.S.obj                   36      0         0      
       ashldi3.S.obj                  30      0         0      
       aeabi_uldivmod.S.obj           20      0         0      
       aeabi_memset.S.obj             14      0         0      
       aeabi_memcpy.S.obj             8       0         0      
       aeabi_div0.c.obj               4       0         0      
    +--+------------------------------+-------+---------+---------+
       Total:                         3032    0         0      
                                                               
       Stack:                         0       0         512    
       Linker Generated:              0       56        0      
    +--+------------------------------+-------+---------+---------+
       Grand Total:                   32012   1079      919    


LINKER GENERATED COPY TABLES

__TI_cinit_table @ 00008178 records: 2, size/record: 8, table size: 16
	.data: load addr=00008150, load size=00000014 bytes, run addr=20200130, run size=00000069 bytes, compression=lzss
	.bss: load addr=00008170, load size=00000008 bytes, run addr=20200000, run size=0000012e bytes, compression=zero_init


LINKER GENERATED HANDLER TABLE

__TI_handler_table @ 00008164 records: 3, size/record: 4, table size: 12
	index: 0, handler: __TI_decompress_lzss
	index: 1, handler: __TI_decompress_none
	index: 2, handler: __TI_zero_init


FAR CALL TRAMPOLINES

callee name               trampoline name
   callee addr  tramp addr   call addr  call info
--------------  -----------  ---------  ----------------
__aeabi_dadd              $Tramp$TT$L$PI$$__aeabi_dadd
   00003173     00007aec     00007ae8   libc.a : k_rem_pio2.c.obj (.text.OUTLINED_FUNCTION_0)
                             00007cf6          : k_rem_pio2.c.obj (.text.OUTLINED_FUNCTION_1)
                             00007d00          : s_cosf.c.obj (.text.OUTLINED_FUNCTION_3)
                             00007d0a          : s_sinf.c.obj (.text.OUTLINED_FUNCTION_3)
__aeabi_dsub              $Tramp$TT$L$PI$$__aeabi_dsub
   00003169     00007cd4     00007cd0   libc.a : _printfi.c.obj (.text.OUTLINED_FUNCTION_0)
__aeabi_fmul              $Tramp$TT$L$PI$$__aeabi_fmul
   00005889     00007d30     00007d2c   libc.a : e_asinf.c.obj (.text.OUTLINED_FUNCTION_0)
                             00007d7a          : e_powf.c.obj (.text.OUTLINED_FUNCTION_1)
                             00007dca          : e_powf.c.obj (.text.OUTLINED_FUNCTION_0)
                             00007dee          : e_powf.c.obj (.text.OUTLINED_FUNCTION_7)
__aeabi_fdiv              $Tramp$TT$L$PI$$__aeabi_fdiv
   00005bb1     00007d48     00007d44   libc.a : s_atanf.c.obj (.text.OUTLINED_FUNCTION_0)
__aeabi_dmul              $Tramp$TT$L$PI$$__aeabi_dmul
   000049b9     00007d60     00007d5c   libc.a : s_cosf.c.obj (.text.OUTLINED_FUNCTION_0)
                             00007d74          : s_sinf.c.obj (.text.OUTLINED_FUNCTION_0)
                             00007d80          : s_cosf.c.obj (.text.OUTLINED_FUNCTION_1)
                             00007d86          : s_sinf.c.obj (.text.OUTLINED_FUNCTION_1)
__aeabi_fadd              $Tramp$TT$L$PI$$__aeabi_fadd
   00004e0b     00007d90     00007d8c   libc.a : e_powf.c.obj (.text.OUTLINED_FUNCTION_3)
                             00007dce          : s_atanf.c.obj (.text.OUTLINED_FUNCTION_1)
                             00007dd2          : e_powf.c.obj (.text.OUTLINED_FUNCTION_2)
                             00007df2          : e_powf.c.obj (.text.OUTLINED_FUNCTION_8)
__aeabi_fsub              $Tramp$TT$L$PI$$__aeabi_fsub
   00004e01     00007da8     00007da4   libc.a : e_powf.c.obj (.text.OUTLINED_FUNCTION_4)
                             00007dbc          : e_powf.c.obj (.text.OUTLINED_FUNCTION_5)
                             00007dc2          : e_powf.c.obj (.text.OUTLINED_FUNCTION_6)
__aeabi_f2d               $Tramp$TT$L$PI$$__aeabi_f2d
   00006d41     00007dd8     00007dd6   libc.a : s_cosf.c.obj (.text.OUTLINED_FUNCTION_2)
                             00007dea          : s_sinf.c.obj (.text.OUTLINED_FUNCTION_2)
_c_int00_noargs           $Tramp$TT$L$PI$$_c_int00_noargs
   000073f9     00007df8     00007df4   startup_mspm0g350x_ticlang.o (.text.Reset_Handler)

[9 trampolines]
[24 trampoline calls]


GLOBAL SYMBOLS: SORTED ALPHABETICALLY BY Name 

address   name                                 
-------   ----                                 
00007dc5  ADC0_IRQHandler                      
00007dc5  ADC1_IRQHandler                      
00007dc5  AES_IRQHandler                       
00007e0c  C$$EXIT                              
00007dc5  CANFD0_IRQHandler                    
00007dc5  DAC0_IRQHandler                      
00006715  DISTANCE                             
00007cbf  DL_Common_delayCycles                
00007447  DL_I2C_setClockConfig                
00006af1  DL_SPI_init                          
00007bdd  DL_SPI_setClockConfig                
00004a9d  DL_SYSCTL_configSYSPLL               
00006b35  DL_SYSCTL_switchMCLKfromSYSOSCtoHSCLK
0000430d  DL_Timer_initFourCCPWMMode           
000048d1  DL_Timer_initTimerMode               
0000773d  DL_Timer_setCaptCompUpdateMethod     
000079bd  DL_Timer_setCaptureCompareOutCtl     
00007c35  DL_Timer_setCaptureCompareValue      
00007759  DL_Timer_setClockConfig              
0000675d  DL_UART_init                         
00007bef  DL_UART_setClockConfig               
00007dc5  DMA_IRQHandler                       
00007dc5  Default_Handler                      
00007585  FusionAhrsGetQuaternion              
000073a9  FusionAhrsInitialise                 
00005471  FusionAhrsReset                      
00004ed9  FusionAhrsSetHeading                 
00003c55  FusionAhrsSetSettings                
0000178d  FusionAhrsUpdate                     
00005c33  FusionAhrsUpdateNoMagnetometer       
000064a5  FusionOffsetInitialise               
00004411  FusionOffsetUpdate                   
00007dc5  GROUP0_IRQHandler                    
00004fa9  GROUP1_IRQHandler                    
00007dc5  HardFault_Handler                    
00007dc5  I2C0_IRQHandler                      
00007dc5  I2C1_IRQHandler                      
00001b91  IMU660RB_Init                        
00005e15  Interrupt_Init                       
2020016c  Left_Encoder_Count                   
20200170  Left_Motor_Distance                  
20200174  Left_Motor_Speed                     
20200178  Left_Motor_Velocity                  
00004b79  Motor_Set_L_Speed                    
00004c51  Motor_Set_R_Speed                    
00007dc5  NMI_Handler                          
00007c55  PID_SetTarget                        
00004511  PID_realize                          
00007dc5  PendSV_Handler                       
00007dc5  RTC_IRQHandler                       
00001e49  Read_IMU660RB                        
00007df5  Reset_Handler                        
2020017c  Right_Encoder_Count                  
20200180  Right_Motor_Distance                 
20200184  Right_Motor_Speed                    
20200188  Right_Motor_Velocity                 
00007dc5  SPI0_IRQHandler                      
00007dc5  SPI1_IRQHandler                      
00007dc5  SVC_Handler                          
000032fd  SYSCFG_DL_GPIO_init                  
000061f1  SYSCFG_DL_I2C_OLED_init              
00006c41  SYSCFG_DL_PIT_FOR_CONTROL_init       
0000576d  SYSCFG_DL_PWM_Motor_init             
00006c81  SYSCFG_DL_SPI_IMU660RB_init          
000067a5  SYSCFG_DL_SYSCTL_init                
00006cc1  SYSCFG_DL_UART_0_init                
000071c1  SYSCFG_DL_init                       
000057fd  SYSCFG_DL_initPower                  
00005f4d  Speed_Control                        
2020009c  Speed_PID                            
00007c65  SysTick_Handler                      
00007a4d  SysTick_Init                         
00007dc5  TIMA0_IRQHandler                     
00007dc5  TIMA1_IRQHandler                     
00003891  TIMG0_IRQHandler                     
00007dc5  TIMG12_IRQHandler                    
00007dc5  TIMG6_IRQHandler                     
00007dc5  TIMG7_IRQHandler                     
00007dc5  TIMG8_IRQHandler                     
00007c01  TI_memcpy_small                      
00007cb1  TI_memset_small                      
00007dc5  UART0_IRQHandler                     
00007dc5  UART1_IRQHandler                     
00007dc5  UART2_IRQHandler                     
00007dc5  UART3_IRQHandler                     
20208000  __STACK_END                          
00000200  __STACK_SIZE                         
00000000  __TI_ATRegion0_region_sz             
00000000  __TI_ATRegion0_src_addr              
00000000  __TI_ATRegion0_trg_addr              
00000000  __TI_ATRegion1_region_sz             
00000000  __TI_ATRegion1_src_addr              
00000000  __TI_ATRegion1_trg_addr              
00000000  __TI_ATRegion2_region_sz             
00000000  __TI_ATRegion2_src_addr              
00000000  __TI_ATRegion2_trg_addr              
00008178  __TI_CINIT_Base                      
00008188  __TI_CINIT_Limit                     
00008188  __TI_CINIT_Warm                      
00008164  __TI_Handler_Table_Base              
00008170  __TI_Handler_Table_Limit             
00006f31  __TI_auto_init_nobinit_nopinit       
00005cb1  __TI_decompress_lzss                 
00007c13  __TI_decompress_none                 
00006249  __TI_ltoa                            
ffffffff  __TI_pprof_out_hndl                  
000000c1  __TI_printfi                         
ffffffff  __TI_prof_data_size                  
ffffffff  __TI_prof_data_start                 
00000000  __TI_static_base__                   
00007afd  __TI_zero_init_nomemset              
00003173  __adddf3                             
00004e0b  __addsf3                             
00007f20  __aeabi_ctype_table_                 
00007f20  __aeabi_ctype_table_C                
00005da1  __aeabi_d2f                          
000066c9  __aeabi_d2iz                         
00003173  __aeabi_dadd                         
00005fb1  __aeabi_dcmpeq                       
00005fed  __aeabi_dcmpge                       
00006001  __aeabi_dcmpgt                       
00005fd9  __aeabi_dcmple                       
00005fc5  __aeabi_dcmplt                       
000040f5  __aeabi_ddiv                         
000049b9  __aeabi_dmul                         
00003169  __aeabi_dsub                         
2020018c  __aeabi_errno                        
00007d19  __aeabi_errno_addr                   
00006d41  __aeabi_f2d                          
00006fe5  __aeabi_f2iz                         
0000715d  __aeabi_f2uiz                        
00004e0b  __aeabi_fadd                         
00006015  __aeabi_fcmpeq                       
00006051  __aeabi_fcmpge                       
00006065  __aeabi_fcmpgt                       
0000603d  __aeabi_fcmple                       
00006029  __aeabi_fcmplt                       
00005bb1  __aeabi_fdiv                         
00005889  __aeabi_fmul                         
00004e01  __aeabi_fsub                         
000072d9  __aeabi_i2d                          
00006eb9  __aeabi_i2f                          
00006351  __aeabi_idiv                         
00001b8f  __aeabi_idiv0                        
00006351  __aeabi_idivmod                      
0000249b  __aeabi_ldiv0                        
00007605  __aeabi_llsl                         
000074b9  __aeabi_lmul                         
00007d21  __aeabi_memcpy                       
00007d21  __aeabi_memcpy4                      
00007d21  __aeabi_memcpy8                      
00007c95  __aeabi_memset                       
00007c95  __aeabi_memset4                      
00007c95  __aeabi_memset8                      
000073d1  __aeabi_ui2f                         
00006d01  __aeabi_uidiv                        
00006d01  __aeabi_uidivmod                     
00007bb5  __aeabi_uldivmod                     
00007605  __ashldi3                            
ffffffff  __binit__                            
00005e7d  __cmpdf2                             
00006f6d  __cmpsf2                             
000040f5  __divdf3                             
00005bb1  __divsf3                             
00005e7d  __eqdf2                              
00006f6d  __eqsf2                              
00006d41  __extendsfdf2                        
000066c9  __fixdfsi                            
00006fe5  __fixsfsi                            
0000715d  __fixunssfsi                         
000072d9  __floatsidf                          
00006eb9  __floatsisf                          
000073d1  __floatunsisf                        
00005d2d  __gedf2                              
00006ef5  __gesf2                              
00005d2d  __gtdf2                              
00006ef5  __gtsf2                              
00001149  __kernel_rem_pio2                    
00005e7d  __ledf2                              
00006f6d  __lesf2                              
00005e7d  __ltdf2                              
00006f6d  __ltsf2                              
UNDEFED   __mpu_init                           
000049b9  __muldf3                             
000074b9  __muldi3                             
00006fa9  __muldsi3                            
00005889  __mulsf3                             
00005e7d  __nedf2                              
00006f6d  __nesf2                              
20207e00  __stack                              
20200000  __start___llvm_prf_bits              
20200000  __start___llvm_prf_cnts              
20200000  __stop___llvm_prf_bits               
20200000  __stop___llvm_prf_cnts               
00003169  __subdf3                             
00004e01  __subsf3                             
00005da1  __truncdfsf2                         
0000532d  __udivmoddi4                         
000073f9  _c_int00_noargs                      
UNDEFED   _system_post_cinit                   
00007e09  _system_pre_init                     
00007e0d  abort                                
202000ec  acceleration_mg                      
20200000  ahrs                                 
202000f8  angular_rate_mdps                    
000035e1  asinf                                
00003fdd  atan2f                               
00002c15  atanf                                
00006d81  atoi                                 
ffffffff  binit                                
00002a41  cosf                                 
20200198  enable_group1_irq                    
20200104  euler                                
000039d5  floor                                
000039d5  floorl                               
00006195  frexp                                
00006195  frexpl                               
20200074  gSPI_IMU660RBBackup                  
00000000  interruptVectors                     
00004d29  ldexp                                
00005079  ldexpf                               
00004d29  ldexpl                               
000063a7  lsm6dsr_acceleration_raw_get         
000063fd  lsm6dsr_angular_rate_raw_get         
000069d9  lsm6dsr_block_data_update_set        
00006b79  lsm6dsr_data_ready_mode_set          
00007791  lsm6dsr_device_id_get                
000075a5  lsm6dsr_from_fs2000dps_to_mdps       
000075c5  lsm6dsr_from_fs2g_to_mg              
000056d9  lsm6dsr_fsm_data_rate_get            
00006137  lsm6dsr_fsm_enable_get               
000022ad  lsm6dsr_gy_data_rate_set             
00006a1f  lsm6dsr_gy_filter_lp1_set            
0000746d  lsm6dsr_gy_flag_data_ready_get       
000067ed  lsm6dsr_gy_full_scale_set            
00005915  lsm6dsr_i3c_disable_set              
00006bbd  lsm6dsr_mem_bank_set                 
000074dd  lsm6dsr_odr_cal_reg_get              
00005281  lsm6dsr_pin_int1_route_get           
00002869  lsm6dsr_pin_int1_route_set           
00006dc1  lsm6dsr_read_reg                     
00007251  lsm6dsr_reset_get                    
00006a65  lsm6dsr_reset_set                    
00006e01  lsm6dsr_write_reg                    
0000249d  lsm6dsr_xl_data_rate_set             
00006aab  lsm6dsr_xl_full_scale_set            
000074ff  main                                 
00007521  memccpy                              
00007221  mspm0_delay_ms                       
00000a91  powf                                 
00004d29  scalbn                               
00005079  scalbnf                              
00004d29  scalbnl                              
00002ddd  sinf                                 
0000701d  sprintf                              
00003471  sqrt                                 
000053d1  sqrtf                                
00003471  sqrtl                                
20200124  start_time                           
20200128  tick_ms                              
00007c85  wcslen                               


GLOBAL SYMBOLS: SORTED BY Symbol Address 

address   name                                 
-------   ----                                 
00000000  __TI_ATRegion0_region_sz             
00000000  __TI_ATRegion0_src_addr              
00000000  __TI_ATRegion0_trg_addr              
00000000  __TI_ATRegion1_region_sz             
00000000  __TI_ATRegion1_src_addr              
00000000  __TI_ATRegion1_trg_addr              
00000000  __TI_ATRegion2_region_sz             
00000000  __TI_ATRegion2_src_addr              
00000000  __TI_ATRegion2_trg_addr              
00000000  __TI_static_base__                   
00000000  interruptVectors                     
000000c1  __TI_printfi                         
00000200  __STACK_SIZE                         
00000a91  powf                                 
00001149  __kernel_rem_pio2                    
0000178d  FusionAhrsUpdate                     
00001b8f  __aeabi_idiv0                        
00001b91  IMU660RB_Init                        
00001e49  Read_IMU660RB                        
000022ad  lsm6dsr_gy_data_rate_set             
0000249b  __aeabi_ldiv0                        
0000249d  lsm6dsr_xl_data_rate_set             
00002869  lsm6dsr_pin_int1_route_set           
00002a41  cosf                                 
00002c15  atanf                                
00002ddd  sinf                                 
00003169  __aeabi_dsub                         
00003169  __subdf3                             
00003173  __adddf3                             
00003173  __aeabi_dadd                         
000032fd  SYSCFG_DL_GPIO_init                  
00003471  sqrt                                 
00003471  sqrtl                                
000035e1  asinf                                
00003891  TIMG0_IRQHandler                     
000039d5  floor                                
000039d5  floorl                               
00003c55  FusionAhrsSetSettings                
00003fdd  atan2f                               
000040f5  __aeabi_ddiv                         
000040f5  __divdf3                             
0000430d  DL_Timer_initFourCCPWMMode           
00004411  FusionOffsetUpdate                   
00004511  PID_realize                          
000048d1  DL_Timer_initTimerMode               
000049b9  __aeabi_dmul                         
000049b9  __muldf3                             
00004a9d  DL_SYSCTL_configSYSPLL               
00004b79  Motor_Set_L_Speed                    
00004c51  Motor_Set_R_Speed                    
00004d29  ldexp                                
00004d29  ldexpl                               
00004d29  scalbn                               
00004d29  scalbnl                              
00004e01  __aeabi_fsub                         
00004e01  __subsf3                             
00004e0b  __addsf3                             
00004e0b  __aeabi_fadd                         
00004ed9  FusionAhrsSetHeading                 
00004fa9  GROUP1_IRQHandler                    
00005079  ldexpf                               
00005079  scalbnf                              
00005281  lsm6dsr_pin_int1_route_get           
0000532d  __udivmoddi4                         
000053d1  sqrtf                                
00005471  FusionAhrsReset                      
000056d9  lsm6dsr_fsm_data_rate_get            
0000576d  SYSCFG_DL_PWM_Motor_init             
000057fd  SYSCFG_DL_initPower                  
00005889  __aeabi_fmul                         
00005889  __mulsf3                             
00005915  lsm6dsr_i3c_disable_set              
00005bb1  __aeabi_fdiv                         
00005bb1  __divsf3                             
00005c33  FusionAhrsUpdateNoMagnetometer       
00005cb1  __TI_decompress_lzss                 
00005d2d  __gedf2                              
00005d2d  __gtdf2                              
00005da1  __aeabi_d2f                          
00005da1  __truncdfsf2                         
00005e15  Interrupt_Init                       
00005e7d  __cmpdf2                             
00005e7d  __eqdf2                              
00005e7d  __ledf2                              
00005e7d  __ltdf2                              
00005e7d  __nedf2                              
00005f4d  Speed_Control                        
00005fb1  __aeabi_dcmpeq                       
00005fc5  __aeabi_dcmplt                       
00005fd9  __aeabi_dcmple                       
00005fed  __aeabi_dcmpge                       
00006001  __aeabi_dcmpgt                       
00006015  __aeabi_fcmpeq                       
00006029  __aeabi_fcmplt                       
0000603d  __aeabi_fcmple                       
00006051  __aeabi_fcmpge                       
00006065  __aeabi_fcmpgt                       
00006137  lsm6dsr_fsm_enable_get               
00006195  frexp                                
00006195  frexpl                               
000061f1  SYSCFG_DL_I2C_OLED_init              
00006249  __TI_ltoa                            
00006351  __aeabi_idiv                         
00006351  __aeabi_idivmod                      
000063a7  lsm6dsr_acceleration_raw_get         
000063fd  lsm6dsr_angular_rate_raw_get         
000064a5  FusionOffsetInitialise               
000066c9  __aeabi_d2iz                         
000066c9  __fixdfsi                            
00006715  DISTANCE                             
0000675d  DL_UART_init                         
000067a5  SYSCFG_DL_SYSCTL_init                
000067ed  lsm6dsr_gy_full_scale_set            
000069d9  lsm6dsr_block_data_update_set        
00006a1f  lsm6dsr_gy_filter_lp1_set            
00006a65  lsm6dsr_reset_set                    
00006aab  lsm6dsr_xl_full_scale_set            
00006af1  DL_SPI_init                          
00006b35  DL_SYSCTL_switchMCLKfromSYSOSCtoHSCLK
00006b79  lsm6dsr_data_ready_mode_set          
00006bbd  lsm6dsr_mem_bank_set                 
00006c41  SYSCFG_DL_PIT_FOR_CONTROL_init       
00006c81  SYSCFG_DL_SPI_IMU660RB_init          
00006cc1  SYSCFG_DL_UART_0_init                
00006d01  __aeabi_uidiv                        
00006d01  __aeabi_uidivmod                     
00006d41  __aeabi_f2d                          
00006d41  __extendsfdf2                        
00006d81  atoi                                 
00006dc1  lsm6dsr_read_reg                     
00006e01  lsm6dsr_write_reg                    
00006eb9  __aeabi_i2f                          
00006eb9  __floatsisf                          
00006ef5  __gesf2                              
00006ef5  __gtsf2                              
00006f31  __TI_auto_init_nobinit_nopinit       
00006f6d  __cmpsf2                             
00006f6d  __eqsf2                              
00006f6d  __lesf2                              
00006f6d  __ltsf2                              
00006f6d  __nesf2                              
00006fa9  __muldsi3                            
00006fe5  __aeabi_f2iz                         
00006fe5  __fixsfsi                            
0000701d  sprintf                              
0000715d  __aeabi_f2uiz                        
0000715d  __fixunssfsi                         
000071c1  SYSCFG_DL_init                       
00007221  mspm0_delay_ms                       
00007251  lsm6dsr_reset_get                    
000072d9  __aeabi_i2d                          
000072d9  __floatsidf                          
000073a9  FusionAhrsInitialise                 
000073d1  __aeabi_ui2f                         
000073d1  __floatunsisf                        
000073f9  _c_int00_noargs                      
00007447  DL_I2C_setClockConfig                
0000746d  lsm6dsr_gy_flag_data_ready_get       
000074b9  __aeabi_lmul                         
000074b9  __muldi3                             
000074dd  lsm6dsr_odr_cal_reg_get              
000074ff  main                                 
00007521  memccpy                              
00007585  FusionAhrsGetQuaternion              
000075a5  lsm6dsr_from_fs2000dps_to_mdps       
000075c5  lsm6dsr_from_fs2g_to_mg              
00007605  __aeabi_llsl                         
00007605  __ashldi3                            
0000773d  DL_Timer_setCaptCompUpdateMethod     
00007759  DL_Timer_setClockConfig              
00007791  lsm6dsr_device_id_get                
000079bd  DL_Timer_setCaptureCompareOutCtl     
00007a4d  SysTick_Init                         
00007afd  __TI_zero_init_nomemset              
00007bb5  __aeabi_uldivmod                     
00007bdd  DL_SPI_setClockConfig                
00007bef  DL_UART_setClockConfig               
00007c01  TI_memcpy_small                      
00007c13  __TI_decompress_none                 
00007c35  DL_Timer_setCaptureCompareValue      
00007c55  PID_SetTarget                        
00007c65  SysTick_Handler                      
00007c85  wcslen                               
00007c95  __aeabi_memset                       
00007c95  __aeabi_memset4                      
00007c95  __aeabi_memset8                      
00007cb1  TI_memset_small                      
00007cbf  DL_Common_delayCycles                
00007d19  __aeabi_errno_addr                   
00007d21  __aeabi_memcpy                       
00007d21  __aeabi_memcpy4                      
00007d21  __aeabi_memcpy8                      
00007dc5  ADC0_IRQHandler                      
00007dc5  ADC1_IRQHandler                      
00007dc5  AES_IRQHandler                       
00007dc5  CANFD0_IRQHandler                    
00007dc5  DAC0_IRQHandler                      
00007dc5  DMA_IRQHandler                       
00007dc5  Default_Handler                      
00007dc5  GROUP0_IRQHandler                    
00007dc5  HardFault_Handler                    
00007dc5  I2C0_IRQHandler                      
00007dc5  I2C1_IRQHandler                      
00007dc5  NMI_Handler                          
00007dc5  PendSV_Handler                       
00007dc5  RTC_IRQHandler                       
00007dc5  SPI0_IRQHandler                      
00007dc5  SPI1_IRQHandler                      
00007dc5  SVC_Handler                          
00007dc5  TIMA0_IRQHandler                     
00007dc5  TIMA1_IRQHandler                     
00007dc5  TIMG12_IRQHandler                    
00007dc5  TIMG6_IRQHandler                     
00007dc5  TIMG7_IRQHandler                     
00007dc5  TIMG8_IRQHandler                     
00007dc5  UART0_IRQHandler                     
00007dc5  UART1_IRQHandler                     
00007dc5  UART2_IRQHandler                     
00007dc5  UART3_IRQHandler                     
00007df5  Reset_Handler                        
00007e09  _system_pre_init                     
00007e0c  C$$EXIT                              
00007e0d  abort                                
00007f20  __aeabi_ctype_table_                 
00007f20  __aeabi_ctype_table_C                
00008164  __TI_Handler_Table_Base              
00008170  __TI_Handler_Table_Limit             
00008178  __TI_CINIT_Base                      
00008188  __TI_CINIT_Limit                     
00008188  __TI_CINIT_Warm                      
20200000  __start___llvm_prf_bits              
20200000  __start___llvm_prf_cnts              
20200000  __stop___llvm_prf_bits               
20200000  __stop___llvm_prf_cnts               
20200000  ahrs                                 
20200074  gSPI_IMU660RBBackup                  
2020009c  Speed_PID                            
202000ec  acceleration_mg                      
202000f8  angular_rate_mdps                    
20200104  euler                                
20200124  start_time                           
20200128  tick_ms                              
2020016c  Left_Encoder_Count                   
20200170  Left_Motor_Distance                  
20200174  Left_Motor_Speed                     
20200178  Left_Motor_Velocity                  
2020017c  Right_Encoder_Count                  
20200180  Right_Motor_Distance                 
20200184  Right_Motor_Speed                    
20200188  Right_Motor_Velocity                 
2020018c  __aeabi_errno                        
20200198  enable_group1_irq                    
20207e00  __stack                              
20208000  __STACK_END                          
ffffffff  __TI_pprof_out_hndl                  
ffffffff  __TI_prof_data_size                  
ffffffff  __TI_prof_data_start                 
ffffffff  __binit__                            
ffffffff  binit                                
UNDEFED   __mpu_init                           
UNDEFED   _system_post_cinit                   

[261 symbols]
