<?xml version="1.0" encoding="ISO-8859-1" ?>
<link_info>
   <banner>TI ARM Clang Linker PC v4.0.0.LTS</banner>
   <copyright>Copyright (c) 1996-2018 Texas Instruments Incorporated</copyright>
   <command_line>C:\ti\ccstheia151\ccs\tools\compiler\ti-cgt-armllvm_4.0.0.LTS\bin\tiarmlnk -IC:\ti\ccstheia151\ccs\tools\compiler\ti-cgt-armllvm_4.0.0.LTS\lib -o mspm0-modules.out -mmspm0-modules.map -iC:/ti/ccstheia151/mspm0_sdk_2_05_01_00/source -iC:/Users/21181/Desktop/STM32 Projcet/Yamaha_Project/mspm0-modules -iC:/Users/21181/Desktop/STM32 Projcet/Yamaha_Project/mspm0-modules/Debug/syscfg -iC:/ti/ccstheia151/ccs/tools/compiler/ti-cgt-armllvm_4.0.0.LTS/lib --diag_wrap=off --display_error_number --warn_sections --xml_link_info=mspm0-modules_linkInfo.xml --rom_model ./main.o ./ti_msp_dl_config.o ./startup_mspm0g350x_ticlang.o ./Drivers/IMU660RB/Fusion/FusionAhrs.o ./Drivers/IMU660RB/Fusion/FusionCompass.o ./Drivers/IMU660RB/Fusion/FusionOffset.o ./Drivers/IMU660RB/imu660rb.o ./Drivers/IMU660RB/lsm6dsr_reg.o ./Drivers/MSPM0/clock.o ./Drivers/MSPM0/interrupt.o ./Drivers/Motor/motor.o ./Drivers/PID/pid.o -l./device_linker.cmd -ldevice.cmd.genlibs -llibc.a -lC:/ti/ccstheia151/mspm0_sdk_2_05_01_00/source/ti/driverlib/lib/ticlang/m0p/mspm0g1x0x_g3x0x/driverlib.a --start-group -llibc++.a -llibc++abi.a -llibc.a -llibsys.a -llibsysbm.a -llibclang_rt.builtins.a -llibclang_rt.profile.a --end-group --cg_opt_level=0</command_line>
   <link_time>0x6883a834</link_time>
   <link_errors>0x0</link_errors>
   <output_file>C:\Users\21181\Desktop\STM32 Projcet\Yamaha_Project\mspm0-modules\Debug\mspm0-modules.out</output_file>
   <entry_point>
      <name>_c_int00_noargs</name>
      <address>0x73f9</address>
   </entry_point>
   <input_file_list>
      <input_file id="fl-1">
         <path>C:\Users\21181\Desktop\STM32 Projcet\Yamaha_Project\mspm0-modules\Debug\.\</path>
         <kind>object</kind>
         <file>main.o</file>
         <name>main.o</name>
      </input_file>
      <input_file id="fl-2">
         <path>C:\Users\21181\Desktop\STM32 Projcet\Yamaha_Project\mspm0-modules\Debug\.\</path>
         <kind>object</kind>
         <file>ti_msp_dl_config.o</file>
         <name>ti_msp_dl_config.o</name>
      </input_file>
      <input_file id="fl-3">
         <path>C:\Users\21181\Desktop\STM32 Projcet\Yamaha_Project\mspm0-modules\Debug\.\</path>
         <kind>object</kind>
         <file>startup_mspm0g350x_ticlang.o</file>
         <name>startup_mspm0g350x_ticlang.o</name>
      </input_file>
      <input_file id="fl-4">
         <path>C:\Users\21181\Desktop\STM32 Projcet\Yamaha_Project\mspm0-modules\Debug\.\Drivers\IMU660RB\Fusion\</path>
         <kind>object</kind>
         <file>FusionAhrs.o</file>
         <name>FusionAhrs.o</name>
      </input_file>
      <input_file id="fl-5">
         <path>C:\Users\21181\Desktop\STM32 Projcet\Yamaha_Project\mspm0-modules\Debug\.\Drivers\IMU660RB\Fusion\</path>
         <kind>object</kind>
         <file>FusionCompass.o</file>
         <name>FusionCompass.o</name>
      </input_file>
      <input_file id="fl-6">
         <path>C:\Users\21181\Desktop\STM32 Projcet\Yamaha_Project\mspm0-modules\Debug\.\Drivers\IMU660RB\Fusion\</path>
         <kind>object</kind>
         <file>FusionOffset.o</file>
         <name>FusionOffset.o</name>
      </input_file>
      <input_file id="fl-7">
         <path>C:\Users\21181\Desktop\STM32 Projcet\Yamaha_Project\mspm0-modules\Debug\.\Drivers\IMU660RB\</path>
         <kind>object</kind>
         <file>imu660rb.o</file>
         <name>imu660rb.o</name>
      </input_file>
      <input_file id="fl-8">
         <path>C:\Users\21181\Desktop\STM32 Projcet\Yamaha_Project\mspm0-modules\Debug\.\Drivers\IMU660RB\</path>
         <kind>object</kind>
         <file>lsm6dsr_reg.o</file>
         <name>lsm6dsr_reg.o</name>
      </input_file>
      <input_file id="fl-9">
         <path>C:\Users\21181\Desktop\STM32 Projcet\Yamaha_Project\mspm0-modules\Debug\.\Drivers\MSPM0\</path>
         <kind>object</kind>
         <file>clock.o</file>
         <name>clock.o</name>
      </input_file>
      <input_file id="fl-a">
         <path>C:\Users\21181\Desktop\STM32 Projcet\Yamaha_Project\mspm0-modules\Debug\.\Drivers\MSPM0\</path>
         <kind>object</kind>
         <file>interrupt.o</file>
         <name>interrupt.o</name>
      </input_file>
      <input_file id="fl-b">
         <path>C:\Users\21181\Desktop\STM32 Projcet\Yamaha_Project\mspm0-modules\Debug\.\Drivers\Motor\</path>
         <kind>object</kind>
         <file>motor.o</file>
         <name>motor.o</name>
      </input_file>
      <input_file id="fl-c">
         <path>C:\Users\21181\Desktop\STM32 Projcet\Yamaha_Project\mspm0-modules\Debug\.\Drivers\PID\</path>
         <kind>object</kind>
         <file>pid.o</file>
         <name>pid.o</name>
      </input_file>
      <input_file id="fl-1a">
         <path>C:\Users\21181\Desktop\STM32 Projcet\Yamaha_Project\mspm0-modules\Debug\</path>
         <kind>object</kind>
         <file>&lt;internal&gt;</file>
         <name>&lt;internal&gt;</name>
      </input_file>
      <input_file id="fl-1b">
         <path>C:\ti\ccstheia151\mspm0_sdk_2_05_01_00\source\ti\driverlib\lib\ticlang\m0p\mspm0g1x0x_g3x0x\</path>
         <kind>archive</kind>
         <file>driverlib.a</file>
         <name>dl_common.o</name>
      </input_file>
      <input_file id="fl-1c">
         <path>C:\ti\ccstheia151\mspm0_sdk_2_05_01_00\source\ti\driverlib\lib\ticlang\m0p\mspm0g1x0x_g3x0x\</path>
         <kind>archive</kind>
         <file>driverlib.a</file>
         <name>dl_i2c.o</name>
      </input_file>
      <input_file id="fl-1d">
         <path>C:\ti\ccstheia151\mspm0_sdk_2_05_01_00\source\ti\driverlib\lib\ticlang\m0p\mspm0g1x0x_g3x0x\</path>
         <kind>archive</kind>
         <file>driverlib.a</file>
         <name>dl_spi.o</name>
      </input_file>
      <input_file id="fl-1e">
         <path>C:\ti\ccstheia151\mspm0_sdk_2_05_01_00\source\ti\driverlib\lib\ticlang\m0p\mspm0g1x0x_g3x0x\</path>
         <kind>archive</kind>
         <file>driverlib.a</file>
         <name>dl_timer.o</name>
      </input_file>
      <input_file id="fl-1f">
         <path>C:\ti\ccstheia151\mspm0_sdk_2_05_01_00\source\ti\driverlib\lib\ticlang\m0p\mspm0g1x0x_g3x0x\</path>
         <kind>archive</kind>
         <file>driverlib.a</file>
         <name>dl_uart.o</name>
      </input_file>
      <input_file id="fl-20">
         <path>C:\ti\ccstheia151\mspm0_sdk_2_05_01_00\source\ti\driverlib\lib\ticlang\m0p\mspm0g1x0x_g3x0x\</path>
         <kind>archive</kind>
         <file>driverlib.a</file>
         <name>dl_sysctl_mspm0g1x0x_g3x0x.o</name>
      </input_file>
      <input_file id="fl-35">
         <path>C:\ti\ccstheia151\ccs\tools\compiler\ti-cgt-armllvm_4.0.0.LTS\lib\armv6m-ti-none-eabi\c\</path>
         <kind>archive</kind>
         <file>libc.a</file>
         <name>e_asinf.c.obj</name>
      </input_file>
      <input_file id="fl-36">
         <path>C:\ti\ccstheia151\ccs\tools\compiler\ti-cgt-armllvm_4.0.0.LTS\lib\armv6m-ti-none-eabi\c\</path>
         <kind>archive</kind>
         <file>libc.a</file>
         <name>e_atan2f.c.obj</name>
      </input_file>
      <input_file id="fl-37">
         <path>C:\ti\ccstheia151\ccs\tools\compiler\ti-cgt-armllvm_4.0.0.LTS\lib\armv6m-ti-none-eabi\c\</path>
         <kind>archive</kind>
         <file>libc.a</file>
         <name>e_powf.c.obj</name>
      </input_file>
      <input_file id="fl-38">
         <path>C:\ti\ccstheia151\ccs\tools\compiler\ti-cgt-armllvm_4.0.0.LTS\lib\armv6m-ti-none-eabi\c\</path>
         <kind>archive</kind>
         <file>libc.a</file>
         <name>e_sqrtf.c.obj</name>
      </input_file>
      <input_file id="fl-39">
         <path>C:\ti\ccstheia151\ccs\tools\compiler\ti-cgt-armllvm_4.0.0.LTS\lib\armv6m-ti-none-eabi\c\</path>
         <kind>archive</kind>
         <file>libc.a</file>
         <name>s_atanf.c.obj</name>
      </input_file>
      <input_file id="fl-3a">
         <path>C:\ti\ccstheia151\ccs\tools\compiler\ti-cgt-armllvm_4.0.0.LTS\lib\armv6m-ti-none-eabi\c\</path>
         <kind>archive</kind>
         <file>libc.a</file>
         <name>s_cosf.c.obj</name>
      </input_file>
      <input_file id="fl-3b">
         <path>C:\ti\ccstheia151\ccs\tools\compiler\ti-cgt-armllvm_4.0.0.LTS\lib\armv6m-ti-none-eabi\c\</path>
         <kind>archive</kind>
         <file>libc.a</file>
         <name>s_scalbnf.c.obj</name>
      </input_file>
      <input_file id="fl-3c">
         <path>C:\ti\ccstheia151\ccs\tools\compiler\ti-cgt-armllvm_4.0.0.LTS\lib\armv6m-ti-none-eabi\c\</path>
         <kind>archive</kind>
         <file>libc.a</file>
         <name>s_sinf.c.obj</name>
      </input_file>
      <input_file id="fl-3d">
         <path>C:\ti\ccstheia151\ccs\tools\compiler\ti-cgt-armllvm_4.0.0.LTS\lib\armv6m-ti-none-eabi\c\</path>
         <kind>archive</kind>
         <file>libc.a</file>
         <name>sprintf.c.obj</name>
      </input_file>
      <input_file id="fl-3e">
         <path>C:\ti\ccstheia151\ccs\tools\compiler\ti-cgt-armllvm_4.0.0.LTS\lib\armv6m-ti-none-eabi\c\</path>
         <kind>archive</kind>
         <file>libc.a</file>
         <name>e_sqrt.c.obj</name>
      </input_file>
      <input_file id="fl-3f">
         <path>C:\ti\ccstheia151\ccs\tools\compiler\ti-cgt-armllvm_4.0.0.LTS\lib\armv6m-ti-none-eabi\c\</path>
         <kind>archive</kind>
         <file>libc.a</file>
         <name>aeabi_portable.c.obj</name>
      </input_file>
      <input_file id="fl-40">
         <path>C:\ti\ccstheia151\ccs\tools\compiler\ti-cgt-armllvm_4.0.0.LTS\lib\armv6m-ti-none-eabi\c\</path>
         <kind>archive</kind>
         <file>libc.a</file>
         <name>k_rem_pio2.c.obj</name>
      </input_file>
      <input_file id="fl-41">
         <path>C:\ti\ccstheia151\ccs\tools\compiler\ti-cgt-armllvm_4.0.0.LTS\lib\armv6m-ti-none-eabi\c\</path>
         <kind>archive</kind>
         <file>libc.a</file>
         <name>assert.c.obj</name>
      </input_file>
      <input_file id="fl-42">
         <path>C:\ti\ccstheia151\ccs\tools\compiler\ti-cgt-armllvm_4.0.0.LTS\lib\armv6m-ti-none-eabi\c\</path>
         <kind>archive</kind>
         <file>libc.a</file>
         <name>defs.c.obj</name>
      </input_file>
      <input_file id="fl-43">
         <path>C:\ti\ccstheia151\ccs\tools\compiler\ti-cgt-armllvm_4.0.0.LTS\lib\armv6m-ti-none-eabi\c\</path>
         <kind>archive</kind>
         <file>libc.a</file>
         <name>memory.c.obj</name>
      </input_file>
      <input_file id="fl-44">
         <path>C:\ti\ccstheia151\ccs\tools\compiler\ti-cgt-armllvm_4.0.0.LTS\lib\armv6m-ti-none-eabi\c\</path>
         <kind>archive</kind>
         <file>libc.a</file>
         <name>boot_cortex_m.c.obj</name>
      </input_file>
      <input_file id="fl-45">
         <path>C:\ti\ccstheia151\ccs\tools\compiler\ti-cgt-armllvm_4.0.0.LTS\lib\armv6m-ti-none-eabi\c\</path>
         <kind>archive</kind>
         <file>libc.a</file>
         <name>mathacl_init.c.obj</name>
      </input_file>
      <input_file id="fl-46">
         <path>C:\ti\ccstheia151\ccs\tools\compiler\ti-cgt-armllvm_4.0.0.LTS\lib\armv6m-ti-none-eabi\c\</path>
         <kind>archive</kind>
         <file>libc.a</file>
         <name>autoinit.c.obj</name>
      </input_file>
      <input_file id="fl-47">
         <path>C:\ti\ccstheia151\ccs\tools\compiler\ti-cgt-armllvm_4.0.0.LTS\lib\armv6m-ti-none-eabi\c\</path>
         <kind>archive</kind>
         <file>libc.a</file>
         <name>pre_init.c.obj</name>
      </input_file>
      <input_file id="fl-48">
         <path>C:\ti\ccstheia151\ccs\tools\compiler\ti-cgt-armllvm_4.0.0.LTS\lib\armv6m-ti-none-eabi\c\</path>
         <kind>archive</kind>
         <file>libc.a</file>
         <name>cpy_tbl.c.obj</name>
      </input_file>
      <input_file id="fl-49">
         <path>C:\ti\ccstheia151\ccs\tools\compiler\ti-cgt-armllvm_4.0.0.LTS\lib\armv6m-ti-none-eabi\c\</path>
         <kind>archive</kind>
         <file>libc.a</file>
         <name>copy_zero_init.c.obj</name>
      </input_file>
      <input_file id="fl-4a">
         <path>C:\ti\ccstheia151\ccs\tools\compiler\ti-cgt-armllvm_4.0.0.LTS\lib\armv6m-ti-none-eabi\c\</path>
         <kind>archive</kind>
         <file>libc.a</file>
         <name>copy_decompress_none.c.obj</name>
      </input_file>
      <input_file id="fl-4b">
         <path>C:\ti\ccstheia151\ccs\tools\compiler\ti-cgt-armllvm_4.0.0.LTS\lib\armv6m-ti-none-eabi\c\</path>
         <kind>archive</kind>
         <file>libc.a</file>
         <name>copy_decompress_lzss.c.obj</name>
      </input_file>
      <input_file id="fl-4c">
         <path>C:\ti\ccstheia151\ccs\tools\compiler\ti-cgt-armllvm_4.0.0.LTS\lib\armv6m-ti-none-eabi\c\</path>
         <kind>archive</kind>
         <file>libc.a</file>
         <name>_printfi.c.obj</name>
      </input_file>
      <input_file id="fl-4d">
         <path>C:\ti\ccstheia151\ccs\tools\compiler\ti-cgt-armllvm_4.0.0.LTS\lib\armv6m-ti-none-eabi\c\</path>
         <kind>archive</kind>
         <file>libc.a</file>
         <name>fflush.c.obj</name>
      </input_file>
      <input_file id="fl-4e">
         <path>C:\ti\ccstheia151\ccs\tools\compiler\ti-cgt-armllvm_4.0.0.LTS\lib\armv6m-ti-none-eabi\c\</path>
         <kind>archive</kind>
         <file>libc.a</file>
         <name>fputs.c.obj</name>
      </input_file>
      <input_file id="fl-4f">
         <path>C:\ti\ccstheia151\ccs\tools\compiler\ti-cgt-armllvm_4.0.0.LTS\lib\armv6m-ti-none-eabi\c\</path>
         <kind>archive</kind>
         <file>libc.a</file>
         <name>_io_perm.c.obj</name>
      </input_file>
      <input_file id="fl-50">
         <path>C:\ti\ccstheia151\ccs\tools\compiler\ti-cgt-armllvm_4.0.0.LTS\lib\armv6m-ti-none-eabi\c\</path>
         <kind>archive</kind>
         <file>libc.a</file>
         <name>setvbuf.c.obj</name>
      </input_file>
      <input_file id="fl-51">
         <path>C:\ti\ccstheia151\ccs\tools\compiler\ti-cgt-armllvm_4.0.0.LTS\lib\armv6m-ti-none-eabi\c\</path>
         <kind>archive</kind>
         <file>libc.a</file>
         <name>wcslen.c.obj</name>
      </input_file>
      <input_file id="fl-52">
         <path>C:\ti\ccstheia151\ccs\tools\compiler\ti-cgt-armllvm_4.0.0.LTS\lib\armv6m-ti-none-eabi\c\</path>
         <kind>archive</kind>
         <file>libc.a</file>
         <name>s_floor.c.obj</name>
      </input_file>
      <input_file id="fl-53">
         <path>C:\ti\ccstheia151\ccs\tools\compiler\ti-cgt-armllvm_4.0.0.LTS\lib\armv6m-ti-none-eabi\c\</path>
         <kind>archive</kind>
         <file>libc.a</file>
         <name>s_frexp.c.obj</name>
      </input_file>
      <input_file id="fl-54">
         <path>C:\ti\ccstheia151\ccs\tools\compiler\ti-cgt-armllvm_4.0.0.LTS\lib\armv6m-ti-none-eabi\c\</path>
         <kind>archive</kind>
         <file>libc.a</file>
         <name>s_scalbn.c.obj</name>
      </input_file>
      <input_file id="fl-55">
         <path>C:\ti\ccstheia151\ccs\tools\compiler\ti-cgt-armllvm_4.0.0.LTS\lib\armv6m-ti-none-eabi\c\</path>
         <kind>archive</kind>
         <file>libc.a</file>
         <name>exit.c.obj</name>
      </input_file>
      <input_file id="fl-56">
         <path>C:\ti\ccstheia151\ccs\tools\compiler\ti-cgt-armllvm_4.0.0.LTS\lib\armv6m-ti-none-eabi\c\</path>
         <kind>archive</kind>
         <file>libc.a</file>
         <name>_lock.c.obj</name>
      </input_file>
      <input_file id="fl-57">
         <path>C:\ti\ccstheia151\ccs\tools\compiler\ti-cgt-armllvm_4.0.0.LTS\lib\armv6m-ti-none-eabi\c\</path>
         <kind>archive</kind>
         <file>libc.a</file>
         <name>_ltoa.c.obj</name>
      </input_file>
      <input_file id="fl-58">
         <path>C:\ti\ccstheia151\ccs\tools\compiler\ti-cgt-armllvm_4.0.0.LTS\lib\armv6m-ti-none-eabi\c\</path>
         <kind>archive</kind>
         <file>libc.a</file>
         <name>args_main.c.obj</name>
      </input_file>
      <input_file id="fl-59">
         <path>C:\ti\ccstheia151\ccs\tools\compiler\ti-cgt-armllvm_4.0.0.LTS\lib\armv6m-ti-none-eabi\c\</path>
         <kind>archive</kind>
         <file>libc.a</file>
         <name>atoi.c.obj</name>
      </input_file>
      <input_file id="fl-5a">
         <path>C:\ti\ccstheia151\ccs\tools\compiler\ti-cgt-armllvm_4.0.0.LTS\lib\armv6m-ti-none-eabi\c\</path>
         <kind>archive</kind>
         <file>libc.a</file>
         <name>memccpy.c.obj</name>
      </input_file>
      <input_file id="fl-5b">
         <path>C:\ti\ccstheia151\ccs\tools\compiler\ti-cgt-armllvm_4.0.0.LTS\lib\armv6m-ti-none-eabi\c\</path>
         <kind>archive</kind>
         <file>libc.a</file>
         <name>fopen.c.obj</name>
      </input_file>
      <input_file id="fl-5c">
         <path>C:\ti\ccstheia151\ccs\tools\compiler\ti-cgt-armllvm_4.0.0.LTS\lib\armv6m-ti-none-eabi\c\</path>
         <kind>archive</kind>
         <file>libc.a</file>
         <name>fseek.c.obj</name>
      </input_file>
      <input_file id="fl-5d">
         <path>C:\ti\ccstheia151\ccs\tools\compiler\ti-cgt-armllvm_4.0.0.LTS\lib\armv6m-ti-none-eabi\c\</path>
         <kind>archive</kind>
         <file>libc.a</file>
         <name>aeabi_ctype.S.obj</name>
      </input_file>
      <input_file id="fl-5e">
         <path>C:\ti\ccstheia151\ccs\tools\compiler\ti-cgt-armllvm_4.0.0.LTS\lib\armv6m-ti-none-eabi\c\</path>
         <kind>archive</kind>
         <file>libc.a</file>
         <name>fclose.c.obj</name>
      </input_file>
      <input_file id="fl-f4">
         <path>C:\ti\ccstheia151\ccs\tools\compiler\ti-cgt-armllvm_4.0.0.LTS\lib\armv6m-ti-none-eabi\c\</path>
         <kind>archive</kind>
         <file>libsysbm.a</file>
         <name>write.c.obj</name>
      </input_file>
      <input_file id="fl-f5">
         <path>C:\ti\ccstheia151\ccs\tools\compiler\ti-cgt-armllvm_4.0.0.LTS\lib\armv6m-ti-none-eabi\c\</path>
         <kind>archive</kind>
         <file>libsysbm.a</file>
         <name>host_device.c.obj</name>
      </input_file>
      <input_file id="fl-f6">
         <path>C:\ti\ccstheia151\ccs\tools\compiler\ti-cgt-armllvm_4.0.0.LTS\lib\armv6m-ti-none-eabi\c\</path>
         <kind>archive</kind>
         <file>libsysbm.a</file>
         <name>remove.c.obj</name>
      </input_file>
      <input_file id="fl-f7">
         <path>C:\ti\ccstheia151\ccs\tools\compiler\ti-cgt-armllvm_4.0.0.LTS\lib\armv6m-ti-none-eabi\c\</path>
         <kind>archive</kind>
         <file>libsysbm.a</file>
         <name>open.c.obj</name>
      </input_file>
      <input_file id="fl-f8">
         <path>C:\ti\ccstheia151\ccs\tools\compiler\ti-cgt-armllvm_4.0.0.LTS\lib\armv6m-ti-none-eabi\c\</path>
         <kind>archive</kind>
         <file>libsysbm.a</file>
         <name>lseek.c.obj</name>
      </input_file>
      <input_file id="fl-f9">
         <path>C:\ti\ccstheia151\ccs\tools\compiler\ti-cgt-armllvm_4.0.0.LTS\lib\armv6m-ti-none-eabi\c\</path>
         <kind>archive</kind>
         <file>libsysbm.a</file>
         <name>close.c.obj</name>
      </input_file>
      <input_file id="fl-fa">
         <path>C:\ti\ccstheia151\ccs\tools\compiler\ti-cgt-armllvm_4.0.0.LTS\lib\armv6m-ti-none-eabi\c\</path>
         <kind>archive</kind>
         <file>libsysbm.a</file>
         <name>unlink.c.obj</name>
      </input_file>
      <input_file id="fl-fb">
         <path>C:\ti\ccstheia151\ccs\tools\compiler\ti-cgt-armllvm_4.0.0.LTS\lib\armv6m-ti-none-eabi\c\</path>
         <kind>archive</kind>
         <file>libsysbm.a</file>
         <name>hostclose.c.obj</name>
      </input_file>
      <input_file id="fl-fc">
         <path>C:\ti\ccstheia151\ccs\tools\compiler\ti-cgt-armllvm_4.0.0.LTS\lib\armv6m-ti-none-eabi\c\</path>
         <kind>archive</kind>
         <file>libsysbm.a</file>
         <name>hostlseek.c.obj</name>
      </input_file>
      <input_file id="fl-fd">
         <path>C:\ti\ccstheia151\ccs\tools\compiler\ti-cgt-armllvm_4.0.0.LTS\lib\armv6m-ti-none-eabi\c\</path>
         <kind>archive</kind>
         <file>libsysbm.a</file>
         <name>hostopen.c.obj</name>
      </input_file>
      <input_file id="fl-fe">
         <path>C:\ti\ccstheia151\ccs\tools\compiler\ti-cgt-armllvm_4.0.0.LTS\lib\armv6m-ti-none-eabi\c\</path>
         <kind>archive</kind>
         <file>libsysbm.a</file>
         <name>hostread.c.obj</name>
      </input_file>
      <input_file id="fl-ff">
         <path>C:\ti\ccstheia151\ccs\tools\compiler\ti-cgt-armllvm_4.0.0.LTS\lib\armv6m-ti-none-eabi\c\</path>
         <kind>archive</kind>
         <file>libsysbm.a</file>
         <name>hostrename.c.obj</name>
      </input_file>
      <input_file id="fl-100">
         <path>C:\ti\ccstheia151\ccs\tools\compiler\ti-cgt-armllvm_4.0.0.LTS\lib\armv6m-ti-none-eabi\c\</path>
         <kind>archive</kind>
         <file>libsysbm.a</file>
         <name>hostunlink.c.obj</name>
      </input_file>
      <input_file id="fl-101">
         <path>C:\ti\ccstheia151\ccs\tools\compiler\ti-cgt-armllvm_4.0.0.LTS\lib\armv6m-ti-none-eabi\c\</path>
         <kind>archive</kind>
         <file>libsysbm.a</file>
         <name>hostwrite.c.obj</name>
      </input_file>
      <input_file id="fl-102">
         <path>C:\ti\ccstheia151\ccs\tools\compiler\ti-cgt-armllvm_4.0.0.LTS\lib\armv6m-ti-none-eabi\c\</path>
         <kind>archive</kind>
         <file>libsysbm.a</file>
         <name>trgmsg.c.obj</name>
      </input_file>
      <input_file id="fl-103">
         <path>C:\ti\ccstheia151\ccs\tools\compiler\ti-cgt-armllvm_4.0.0.LTS\lib\armv6m-ti-none-eabi\</path>
         <kind>archive</kind>
         <file>libclang_rt.builtins.a</file>
         <name>addsf3.S.obj</name>
      </input_file>
      <input_file id="fl-104">
         <path>C:\ti\ccstheia151\ccs\tools\compiler\ti-cgt-armllvm_4.0.0.LTS\lib\armv6m-ti-none-eabi\</path>
         <kind>archive</kind>
         <file>libclang_rt.builtins.a</file>
         <name>adddf3.S.obj</name>
      </input_file>
      <input_file id="fl-105">
         <path>C:\ti\ccstheia151\ccs\tools\compiler\ti-cgt-armllvm_4.0.0.LTS\lib\armv6m-ti-none-eabi\</path>
         <kind>archive</kind>
         <file>libclang_rt.builtins.a</file>
         <name>muldf3.S.obj</name>
      </input_file>
      <input_file id="fl-106">
         <path>C:\ti\ccstheia151\ccs\tools\compiler\ti-cgt-armllvm_4.0.0.LTS\lib\armv6m-ti-none-eabi\</path>
         <kind>archive</kind>
         <file>libclang_rt.builtins.a</file>
         <name>muldsi3.S.obj</name>
      </input_file>
      <input_file id="fl-107">
         <path>C:\ti\ccstheia151\ccs\tools\compiler\ti-cgt-armllvm_4.0.0.LTS\lib\armv6m-ti-none-eabi\</path>
         <kind>archive</kind>
         <file>libclang_rt.builtins.a</file>
         <name>mulsf3.S.obj</name>
      </input_file>
      <input_file id="fl-108">
         <path>C:\ti\ccstheia151\ccs\tools\compiler\ti-cgt-armllvm_4.0.0.LTS\lib\armv6m-ti-none-eabi\</path>
         <kind>archive</kind>
         <file>libclang_rt.builtins.a</file>
         <name>divsf3.S.obj</name>
      </input_file>
      <input_file id="fl-109">
         <path>C:\ti\ccstheia151\ccs\tools\compiler\ti-cgt-armllvm_4.0.0.LTS\lib\armv6m-ti-none-eabi\</path>
         <kind>archive</kind>
         <file>libclang_rt.builtins.a</file>
         <name>divdf3.S.obj</name>
      </input_file>
      <input_file id="fl-10a">
         <path>C:\ti\ccstheia151\ccs\tools\compiler\ti-cgt-armllvm_4.0.0.LTS\lib\armv6m-ti-none-eabi\</path>
         <kind>archive</kind>
         <file>libclang_rt.builtins.a</file>
         <name>extendsfdf2.S.obj</name>
      </input_file>
      <input_file id="fl-10b">
         <path>C:\ti\ccstheia151\ccs\tools\compiler\ti-cgt-armllvm_4.0.0.LTS\lib\armv6m-ti-none-eabi\</path>
         <kind>archive</kind>
         <file>libclang_rt.builtins.a</file>
         <name>fixdfsi.S.obj</name>
      </input_file>
      <input_file id="fl-10c">
         <path>C:\ti\ccstheia151\ccs\tools\compiler\ti-cgt-armllvm_4.0.0.LTS\lib\armv6m-ti-none-eabi\</path>
         <kind>archive</kind>
         <file>libclang_rt.builtins.a</file>
         <name>fixsfsi.S.obj</name>
      </input_file>
      <input_file id="fl-10d">
         <path>C:\ti\ccstheia151\ccs\tools\compiler\ti-cgt-armllvm_4.0.0.LTS\lib\armv6m-ti-none-eabi\</path>
         <kind>archive</kind>
         <file>libclang_rt.builtins.a</file>
         <name>fixunssfsi.S.obj</name>
      </input_file>
      <input_file id="fl-10e">
         <path>C:\ti\ccstheia151\ccs\tools\compiler\ti-cgt-armllvm_4.0.0.LTS\lib\armv6m-ti-none-eabi\</path>
         <kind>archive</kind>
         <file>libclang_rt.builtins.a</file>
         <name>floatsidf.S.obj</name>
      </input_file>
      <input_file id="fl-10f">
         <path>C:\ti\ccstheia151\ccs\tools\compiler\ti-cgt-armllvm_4.0.0.LTS\lib\armv6m-ti-none-eabi\</path>
         <kind>archive</kind>
         <file>libclang_rt.builtins.a</file>
         <name>floatsisf.S.obj</name>
      </input_file>
      <input_file id="fl-110">
         <path>C:\ti\ccstheia151\ccs\tools\compiler\ti-cgt-armllvm_4.0.0.LTS\lib\armv6m-ti-none-eabi\</path>
         <kind>archive</kind>
         <file>libclang_rt.builtins.a</file>
         <name>floatunsisf.S.obj</name>
      </input_file>
      <input_file id="fl-111">
         <path>C:\ti\ccstheia151\ccs\tools\compiler\ti-cgt-armllvm_4.0.0.LTS\lib\armv6m-ti-none-eabi\</path>
         <kind>archive</kind>
         <file>libclang_rt.builtins.a</file>
         <name>muldi3.S.obj</name>
      </input_file>
      <input_file id="fl-112">
         <path>C:\ti\ccstheia151\ccs\tools\compiler\ti-cgt-armllvm_4.0.0.LTS\lib\armv6m-ti-none-eabi\</path>
         <kind>archive</kind>
         <file>libclang_rt.builtins.a</file>
         <name>truncdfsf2.S.obj</name>
      </input_file>
      <input_file id="fl-113">
         <path>C:\ti\ccstheia151\ccs\tools\compiler\ti-cgt-armllvm_4.0.0.LTS\lib\armv6m-ti-none-eabi\</path>
         <kind>archive</kind>
         <file>libclang_rt.builtins.a</file>
         <name>aeabi_dcmp.S.obj</name>
      </input_file>
      <input_file id="fl-114">
         <path>C:\ti\ccstheia151\ccs\tools\compiler\ti-cgt-armllvm_4.0.0.LTS\lib\armv6m-ti-none-eabi\</path>
         <kind>archive</kind>
         <file>libclang_rt.builtins.a</file>
         <name>aeabi_fcmp.S.obj</name>
      </input_file>
      <input_file id="fl-115">
         <path>C:\ti\ccstheia151\ccs\tools\compiler\ti-cgt-armllvm_4.0.0.LTS\lib\armv6m-ti-none-eabi\</path>
         <kind>archive</kind>
         <file>libclang_rt.builtins.a</file>
         <name>aeabi_idivmod.S.obj</name>
      </input_file>
      <input_file id="fl-116">
         <path>C:\ti\ccstheia151\ccs\tools\compiler\ti-cgt-armllvm_4.0.0.LTS\lib\armv6m-ti-none-eabi\</path>
         <kind>archive</kind>
         <file>libclang_rt.builtins.a</file>
         <name>aeabi_memcpy.S.obj</name>
      </input_file>
      <input_file id="fl-117">
         <path>C:\ti\ccstheia151\ccs\tools\compiler\ti-cgt-armllvm_4.0.0.LTS\lib\armv6m-ti-none-eabi\</path>
         <kind>archive</kind>
         <file>libclang_rt.builtins.a</file>
         <name>aeabi_memset.S.obj</name>
      </input_file>
      <input_file id="fl-118">
         <path>C:\ti\ccstheia151\ccs\tools\compiler\ti-cgt-armllvm_4.0.0.LTS\lib\armv6m-ti-none-eabi\</path>
         <kind>archive</kind>
         <file>libclang_rt.builtins.a</file>
         <name>aeabi_uidivmod.S.obj</name>
      </input_file>
      <input_file id="fl-119">
         <path>C:\ti\ccstheia151\ccs\tools\compiler\ti-cgt-armllvm_4.0.0.LTS\lib\armv6m-ti-none-eabi\</path>
         <kind>archive</kind>
         <file>libclang_rt.builtins.a</file>
         <name>aeabi_uldivmod.S.obj</name>
      </input_file>
      <input_file id="fl-11a">
         <path>C:\ti\ccstheia151\ccs\tools\compiler\ti-cgt-armllvm_4.0.0.LTS\lib\armv6m-ti-none-eabi\</path>
         <kind>archive</kind>
         <file>libclang_rt.builtins.a</file>
         <name>comparesf2.S.obj</name>
      </input_file>
      <input_file id="fl-11b">
         <path>C:\ti\ccstheia151\ccs\tools\compiler\ti-cgt-armllvm_4.0.0.LTS\lib\armv6m-ti-none-eabi\</path>
         <kind>archive</kind>
         <file>libclang_rt.builtins.a</file>
         <name>udivmoddi4.S.obj</name>
      </input_file>
      <input_file id="fl-11c">
         <path>C:\ti\ccstheia151\ccs\tools\compiler\ti-cgt-armllvm_4.0.0.LTS\lib\armv6m-ti-none-eabi\</path>
         <kind>archive</kind>
         <file>libclang_rt.builtins.a</file>
         <name>ashldi3.S.obj</name>
      </input_file>
      <input_file id="fl-11d">
         <path>C:\ti\ccstheia151\ccs\tools\compiler\ti-cgt-armllvm_4.0.0.LTS\lib\armv6m-ti-none-eabi\</path>
         <kind>archive</kind>
         <file>libclang_rt.builtins.a</file>
         <name>comparedf2.c.obj</name>
      </input_file>
      <input_file id="fl-11e">
         <path>C:\ti\ccstheia151\ccs\tools\compiler\ti-cgt-armllvm_4.0.0.LTS\lib\armv6m-ti-none-eabi\</path>
         <kind>archive</kind>
         <file>libclang_rt.builtins.a</file>
         <name>aeabi_div0.c.obj</name>
      </input_file>
      <input_file id="fl-11f">
         <path>C:\ti\ccstheia151\ccs\tools\compiler\ti-cgt-armllvm_4.0.0.LTS\lib\armv6m-ti-none-eabi\c\</path>
         <kind>archive</kind>
         <file>libc.a</file>
         <name>getdevice.c.obj</name>
      </input_file>
      <input_file id="fl-120">
         <path>C:\ti\ccstheia151\ccs\tools\compiler\ti-cgt-armllvm_4.0.0.LTS\lib\armv6m-ti-none-eabi\c\</path>
         <kind>archive</kind>
         <file>libc.a</file>
         <name>memcpy16.S.obj</name>
      </input_file>
      <input_file id="fl-121">
         <path>C:\ti\ccstheia151\ccs\tools\compiler\ti-cgt-armllvm_4.0.0.LTS\lib\armv6m-ti-none-eabi\c\</path>
         <kind>archive</kind>
         <file>libc.a</file>
         <name>memset16.S.obj</name>
      </input_file>
      <input_file id="fl-122">
         <path>C:\ti\ccstheia151\ccs\tools\compiler\ti-cgt-armllvm_4.0.0.LTS\lib\armv6m-ti-none-eabi\c\</path>
         <kind>archive</kind>
         <file>libc.a</file>
         <name>strcmp-armv6m.S.obj</name>
      </input_file>
   </input_file_list>
   <object_component_list>
      <object_component id="oc-18">
         <name>.intvecs</name>
         <load_address>0x0</load_address>
         <readonly>true</readonly>
         <run_address>0x0</run_address>
         <size>0xc0</size>
         <alignment>0x4</alignment>
         <input_file_ref idref="fl-3"/>
      </object_component>
      <object_component id="oc-16f">
         <name>.text:__TI_printfi</name>
         <load_address>0xc0</load_address>
         <readonly>true</readonly>
         <executable>true</executable>
         <run_address>0xc0</run_address>
         <size>0x9d0</size>
         <alignment>0x4</alignment>
         <input_file_ref idref="fl-4c"/>
      </object_component>
      <object_component id="oc-2f2">
         <name>.text.powf</name>
         <load_address>0xa90</load_address>
         <readonly>true</readonly>
         <executable>true</executable>
         <run_address>0xa90</run_address>
         <size>0x6b8</size>
         <alignment>0x4</alignment>
         <input_file_ref idref="fl-37"/>
      </object_component>
      <object_component id="oc-29a">
         <name>.text.__kernel_rem_pio2</name>
         <load_address>0x1148</load_address>
         <readonly>true</readonly>
         <executable>true</executable>
         <run_address>0x1148</run_address>
         <size>0x644</size>
         <alignment>0x4</alignment>
         <input_file_ref idref="fl-40"/>
      </object_component>
      <object_component id="oc-14b">
         <name>.text.FusionAhrsUpdate</name>
         <load_address>0x178c</load_address>
         <readonly>true</readonly>
         <executable>true</executable>
         <run_address>0x178c</run_address>
         <size>0x402</size>
         <alignment>0x2</alignment>
         <input_file_ref idref="fl-4"/>
      </object_component>
      <object_component id="oc-162">
         <name>.text.__aeabi_idiv0</name>
         <load_address>0x1b8e</load_address>
         <readonly>true</readonly>
         <executable>true</executable>
         <run_address>0x1b8e</run_address>
         <size>0x2</size>
         <alignment>0x2</alignment>
         <input_file_ref idref="fl-11e"/>
      </object_component>
      <object_component id="oc-122">
         <name>.text.IMU660RB_Init</name>
         <load_address>0x1b90</load_address>
         <readonly>true</readonly>
         <executable>true</executable>
         <run_address>0x1b90</run_address>
         <size>0x2b8</size>
         <alignment>0x4</alignment>
         <input_file_ref idref="fl-7"/>
      </object_component>
      <object_component id="oc-64">
         <name>.text.Read_IMU660RB</name>
         <load_address>0x1e48</load_address>
         <readonly>true</readonly>
         <executable>true</executable>
         <run_address>0x1e48</run_address>
         <size>0x244</size>
         <alignment>0x4</alignment>
         <input_file_ref idref="fl-7"/>
      </object_component>
      <object_component id="oc-20e">
         <name>.text._pconv_a</name>
         <load_address>0x208c</load_address>
         <readonly>true</readonly>
         <executable>true</executable>
         <run_address>0x208c</run_address>
         <size>0x220</size>
         <alignment>0x4</alignment>
         <input_file_ref idref="fl-4c"/>
      </object_component>
      <object_component id="oc-18b">
         <name>.text.lsm6dsr_gy_data_rate_set</name>
         <load_address>0x22ac</load_address>
         <readonly>true</readonly>
         <executable>true</executable>
         <run_address>0x22ac</run_address>
         <size>0x1ee</size>
         <alignment>0x4</alignment>
         <input_file_ref idref="fl-8"/>
      </object_component>
      <object_component id="oc-311">
         <name>.text.__aeabi_ldiv0</name>
         <load_address>0x249a</load_address>
         <readonly>true</readonly>
         <executable>true</executable>
         <run_address>0x249a</run_address>
         <size>0x2</size>
         <alignment>0x2</alignment>
         <input_file_ref idref="fl-11e"/>
      </object_component>
      <object_component id="oc-18a">
         <name>.text.lsm6dsr_xl_data_rate_set</name>
         <load_address>0x249c</load_address>
         <readonly>true</readonly>
         <executable>true</executable>
         <run_address>0x249c</run_address>
         <size>0x1ee</size>
         <alignment>0x4</alignment>
         <input_file_ref idref="fl-8"/>
      </object_component>
      <object_component id="oc-213">
         <name>.text._pconv_g</name>
         <load_address>0x268c</load_address>
         <readonly>true</readonly>
         <executable>true</executable>
         <run_address>0x268c</run_address>
         <size>0x1dc</size>
         <alignment>0x4</alignment>
         <input_file_ref idref="fl-4c"/>
      </object_component>
      <object_component id="oc-190">
         <name>.text.lsm6dsr_pin_int1_route_set</name>
         <load_address>0x2868</load_address>
         <readonly>true</readonly>
         <executable>true</executable>
         <run_address>0x2868</run_address>
         <size>0x1d8</size>
         <alignment>0x2</alignment>
         <input_file_ref idref="fl-8"/>
      </object_component>
      <object_component id="oc-1cb">
         <name>.text.cosf</name>
         <load_address>0x2a40</load_address>
         <readonly>true</readonly>
         <executable>true</executable>
         <run_address>0x2a40</run_address>
         <size>0x1d4</size>
         <alignment>0x4</alignment>
         <input_file_ref idref="fl-3a"/>
      </object_component>
      <object_component id="oc-1d8">
         <name>.text.atanf</name>
         <load_address>0x2c14</load_address>
         <readonly>true</readonly>
         <executable>true</executable>
         <run_address>0x2c14</run_address>
         <size>0x1c8</size>
         <alignment>0x4</alignment>
         <input_file_ref idref="fl-39"/>
      </object_component>
      <object_component id="oc-1d1">
         <name>.text.sinf</name>
         <load_address>0x2ddc</load_address>
         <readonly>true</readonly>
         <executable>true</executable>
         <run_address>0x2ddc</run_address>
         <size>0x1c8</size>
         <alignment>0x4</alignment>
         <input_file_ref idref="fl-3c"/>
      </object_component>
      <object_component id="oc-1c3">
         <name>.text.HalfMagnetic</name>
         <load_address>0x2fa4</load_address>
         <readonly>true</readonly>
         <executable>true</executable>
         <run_address>0x2fa4</run_address>
         <size>0x1c4</size>
         <alignment>0x2</alignment>
         <input_file_ref idref="fl-4"/>
      </object_component>
      <object_component id="oc-19b">
         <name>.text.adddf3_subdf3</name>
         <load_address>0x3168</load_address>
         <readonly>true</readonly>
         <executable>true</executable>
         <run_address>0x3168</run_address>
         <size>0x192</size>
         <alignment>0x4</alignment>
         <input_file_ref idref="fl-104"/>
      </object_component>
      <object_component id="oc-178">
         <name>.text.SYSCFG_DL_GPIO_init</name>
         <load_address>0x32fc</load_address>
         <readonly>true</readonly>
         <executable>true</executable>
         <run_address>0x32fc</run_address>
         <size>0x174</size>
         <alignment>0x4</alignment>
         <input_file_ref idref="fl-2"/>
      </object_component>
      <object_component id="oc-2af">
         <name>.text.sqrt</name>
         <load_address>0x3470</load_address>
         <readonly>true</readonly>
         <executable>true</executable>
         <run_address>0x3470</run_address>
         <size>0x170</size>
         <alignment>0x4</alignment>
         <input_file_ref idref="fl-3e"/>
      </object_component>
      <object_component id="oc-1e1">
         <name>.text.asinf</name>
         <load_address>0x35e0</load_address>
         <readonly>true</readonly>
         <executable>true</executable>
         <run_address>0x35e0</run_address>
         <size>0x160</size>
         <alignment>0x4</alignment>
         <input_file_ref idref="fl-35"/>
      </object_component>
      <object_component id="oc-1d7">
         <name>.text.FusionQuaternionMultiply</name>
         <load_address>0x3740</load_address>
         <readonly>true</readonly>
         <executable>true</executable>
         <run_address>0x3740</run_address>
         <size>0x14e</size>
         <alignment>0x2</alignment>
         <input_file_ref idref="fl-4"/>
      </object_component>
      <object_component id="oc-3a">
         <name>.text.TIMG0_IRQHandler</name>
         <load_address>0x3890</load_address>
         <readonly>true</readonly>
         <executable>true</executable>
         <run_address>0x3890</run_address>
         <size>0x144</size>
         <alignment>0x4</alignment>
         <input_file_ref idref="fl-a"/>
      </object_component>
      <object_component id="oc-301">
         <name>.text.floor</name>
         <load_address>0x39d4</load_address>
         <readonly>true</readonly>
         <executable>true</executable>
         <run_address>0x39d4</run_address>
         <size>0x144</size>
         <alignment>0x4</alignment>
         <input_file_ref idref="fl-52"/>
      </object_component>
      <object_component id="oc-2e3">
         <name>.text.fcvt</name>
         <load_address>0x3b18</load_address>
         <readonly>true</readonly>
         <executable>true</executable>
         <run_address>0x3b18</run_address>
         <size>0x13c</size>
         <alignment>0x4</alignment>
         <input_file_ref idref="fl-4c"/>
      </object_component>
      <object_component id="oc-27c">
         <name>.text.FusionAhrsSetSettings</name>
         <load_address>0x3c54</load_address>
         <readonly>true</readonly>
         <executable>true</executable>
         <run_address>0x3c54</run_address>
         <size>0x134</size>
         <alignment>0x4</alignment>
         <input_file_ref idref="fl-4"/>
      </object_component>
      <object_component id="oc-1bd">
         <name>.text.HalfGravity</name>
         <load_address>0x3d88</load_address>
         <readonly>true</readonly>
         <executable>true</executable>
         <run_address>0x3d88</run_address>
         <size>0x132</size>
         <alignment>0x2</alignment>
         <input_file_ref idref="fl-4"/>
      </object_component>
      <object_component id="oc-215">
         <name>.text._pconv_e</name>
         <load_address>0x3ebc</load_address>
         <readonly>true</readonly>
         <executable>true</executable>
         <run_address>0x3ebc</run_address>
         <size>0x120</size>
         <alignment>0x4</alignment>
         <input_file_ref idref="fl-4c"/>
      </object_component>
      <object_component id="oc-150">
         <name>.text.atan2f</name>
         <load_address>0x3fdc</load_address>
         <readonly>true</readonly>
         <executable>true</executable>
         <run_address>0x3fdc</run_address>
         <size>0x118</size>
         <alignment>0x4</alignment>
         <input_file_ref idref="fl-36"/>
      </object_component>
      <object_component id="oc-bf">
         <name>.text.__divdf3</name>
         <load_address>0x40f4</load_address>
         <readonly>true</readonly>
         <executable>true</executable>
         <run_address>0x40f4</run_address>
         <size>0x10c</size>
         <alignment>0x4</alignment>
         <input_file_ref idref="fl-109"/>
      </object_component>
      <object_component id="oc-1c8">
         <name>.text.FusionQuaternionMultiplyVector</name>
         <load_address>0x4200</load_address>
         <readonly>true</readonly>
         <executable>true</executable>
         <run_address>0x4200</run_address>
         <size>0x10a</size>
         <alignment>0x2</alignment>
         <input_file_ref idref="fl-4"/>
      </object_component>
      <object_component id="oc-241">
         <name>.text.DL_Timer_initFourCCPWMMode</name>
         <load_address>0x430c</load_address>
         <readonly>true</readonly>
         <executable>true</executable>
         <run_address>0x430c</run_address>
         <size>0x104</size>
         <alignment>0x4</alignment>
         <input_file_ref idref="fl-1e"/>
      </object_component>
      <object_component id="oc-c8">
         <name>.text.FusionOffsetUpdate</name>
         <load_address>0x4410</load_address>
         <readonly>true</readonly>
         <executable>true</executable>
         <run_address>0x4410</run_address>
         <size>0x100</size>
         <alignment>0x4</alignment>
         <input_file_ref idref="fl-6"/>
      </object_component>
      <object_component id="oc-f1">
         <name>.text.PID_realize</name>
         <load_address>0x4510</load_address>
         <readonly>true</readonly>
         <executable>true</executable>
         <run_address>0x4510</run_address>
         <size>0xf6</size>
         <alignment>0x2</alignment>
         <input_file_ref idref="fl-c"/>
      </object_component>
      <object_component id="oc-144">
         <name>.text.FusionMatrixMultiplyVector</name>
         <load_address>0x4606</load_address>
         <readonly>true</readonly>
         <executable>true</executable>
         <run_address>0x4606</run_address>
         <size>0xf0</size>
         <alignment>0x2</alignment>
         <input_file_ref idref="fl-7"/>
      </object_component>
      <object_component id="oc-d3">
         <name>.text.FusionQuaternionToEuler</name>
         <load_address>0x46f6</load_address>
         <readonly>true</readonly>
         <executable>true</executable>
         <run_address>0x46f6</run_address>
         <size>0xee</size>
         <alignment>0x2</alignment>
         <input_file_ref idref="fl-7"/>
      </object_component>
      <object_component id="oc-c7">
         <name>.text.FusionCalibrationInertial</name>
         <load_address>0x47e4</load_address>
         <readonly>true</readonly>
         <executable>true</executable>
         <run_address>0x47e4</run_address>
         <size>0xea</size>
         <alignment>0x2</alignment>
         <input_file_ref idref="fl-7"/>
      </object_component>
      <object_component id="oc-249">
         <name>.text.DL_Timer_initTimerMode</name>
         <load_address>0x48d0</load_address>
         <readonly>true</readonly>
         <executable>true</executable>
         <run_address>0x48d0</run_address>
         <size>0xe8</size>
         <alignment>0x4</alignment>
         <input_file_ref idref="fl-1e"/>
      </object_component>
      <object_component id="oc-197">
         <name>.text.__muldf3</name>
         <load_address>0x49b8</load_address>
         <readonly>true</readonly>
         <executable>true</executable>
         <run_address>0x49b8</run_address>
         <size>0xe4</size>
         <alignment>0x4</alignment>
         <input_file_ref idref="fl-105"/>
      </object_component>
      <object_component id="oc-236">
         <name>.text.DL_SYSCTL_configSYSPLL</name>
         <load_address>0x4a9c</load_address>
         <readonly>true</readonly>
         <executable>true</executable>
         <run_address>0x4a9c</run_address>
         <size>0xdc</size>
         <alignment>0x4</alignment>
         <input_file_ref idref="fl-20"/>
      </object_component>
      <object_component id="oc-81">
         <name>.text.Motor_Set_L_Speed</name>
         <load_address>0x4b78</load_address>
         <readonly>true</readonly>
         <executable>true</executable>
         <run_address>0x4b78</run_address>
         <size>0xd8</size>
         <alignment>0x4</alignment>
         <input_file_ref idref="fl-b"/>
      </object_component>
      <object_component id="oc-86">
         <name>.text.Motor_Set_R_Speed</name>
         <load_address>0x4c50</load_address>
         <readonly>true</readonly>
         <executable>true</executable>
         <run_address>0x4c50</run_address>
         <size>0xd8</size>
         <alignment>0x4</alignment>
         <input_file_ref idref="fl-b"/>
      </object_component>
      <object_component id="oc-2ce">
         <name>.text.scalbn</name>
         <load_address>0x4d28</load_address>
         <readonly>true</readonly>
         <executable>true</executable>
         <run_address>0x4d28</run_address>
         <size>0xd8</size>
         <alignment>0x4</alignment>
         <input_file_ref idref="fl-54"/>
      </object_component>
      <object_component id="oc-70">
         <name>.text</name>
         <load_address>0x4e00</load_address>
         <readonly>true</readonly>
         <executable>true</executable>
         <run_address>0x4e00</run_address>
         <size>0xd8</size>
         <alignment>0x4</alignment>
         <input_file_ref idref="fl-103"/>
      </object_component>
      <object_component id="oc-14c">
         <name>.text.FusionAhrsSetHeading</name>
         <load_address>0x4ed8</load_address>
         <readonly>true</readonly>
         <executable>true</executable>
         <run_address>0x4ed8</run_address>
         <size>0xd0</size>
         <alignment>0x2</alignment>
         <input_file_ref idref="fl-4"/>
      </object_component>
      <object_component id="oc-39">
         <name>.text.GROUP1_IRQHandler</name>
         <load_address>0x4fa8</load_address>
         <readonly>true</readonly>
         <executable>true</executable>
         <run_address>0x4fa8</run_address>
         <size>0xd0</size>
         <alignment>0x4</alignment>
         <input_file_ref idref="fl-a"/>
      </object_component>
      <object_component id="oc-32f">
         <name>.text.scalbnf</name>
         <load_address>0x5078</load_address>
         <readonly>true</readonly>
         <executable>true</executable>
         <run_address>0x5078</run_address>
         <size>0xb0</size>
         <alignment>0x4</alignment>
         <input_file_ref idref="fl-3b"/>
      </object_component>
      <object_component id="oc-2a0">
         <name>.text.__kernel_sindf</name>
         <load_address>0x5128</load_address>
         <readonly>true</readonly>
         <executable>true</executable>
         <run_address>0x5128</run_address>
         <size>0xac</size>
         <alignment>0x4</alignment>
         <input_file_ref idref="fl-3a"/>
      </object_component>
      <object_component id="oc-2a6">
         <name>.text.__kernel_sindf</name>
         <load_address>0x51d4</load_address>
         <readonly>true</readonly>
         <executable>true</executable>
         <run_address>0x51d4</run_address>
         <size>0xac</size>
         <alignment>0x4</alignment>
         <input_file_ref idref="fl-3c"/>
      </object_component>
      <object_component id="oc-18f">
         <name>.text.lsm6dsr_pin_int1_route_get</name>
         <load_address>0x5280</load_address>
         <readonly>true</readonly>
         <executable>true</executable>
         <run_address>0x5280</run_address>
         <size>0xac</size>
         <alignment>0x2</alignment>
         <input_file_ref idref="fl-8"/>
      </object_component>
      <object_component id="oc-2c5">
         <name>.text</name>
         <load_address>0x532c</load_address>
         <readonly>true</readonly>
         <executable>true</executable>
         <run_address>0x532c</run_address>
         <size>0xa2</size>
         <alignment>0x4</alignment>
         <input_file_ref idref="fl-11b"/>
      </object_component>
      <object_component id="oc-323">
         <name>.text.sqrtf</name>
         <load_address>0x53d0</load_address>
         <readonly>true</readonly>
         <executable>true</executable>
         <run_address>0x53d0</run_address>
         <size>0xa0</size>
         <alignment>0x4</alignment>
         <input_file_ref idref="fl-38"/>
      </object_component>
      <object_component id="oc-1bc">
         <name>.text.FusionAhrsReset</name>
         <load_address>0x5470</load_address>
         <readonly>true</readonly>
         <executable>true</executable>
         <run_address>0x5470</run_address>
         <size>0x9c</size>
         <alignment>0x4</alignment>
         <input_file_ref idref="fl-4"/>
      </object_component>
      <object_component id="oc-294">
         <name>.text.__kernel_cosdf</name>
         <load_address>0x550c</load_address>
         <readonly>true</readonly>
         <executable>true</executable>
         <run_address>0x550c</run_address>
         <size>0x9c</size>
         <alignment>0x4</alignment>
         <input_file_ref idref="fl-3a"/>
      </object_component>
      <object_component id="oc-2a5">
         <name>.text.__kernel_cosdf</name>
         <load_address>0x55a8</load_address>
         <readonly>true</readonly>
         <executable>true</executable>
         <run_address>0x55a8</run_address>
         <size>0x9c</size>
         <alignment>0x4</alignment>
         <input_file_ref idref="fl-3c"/>
      </object_component>
      <object_component id="oc-1c4">
         <name>.text.FusionVectorCrossProduct</name>
         <load_address>0x5644</load_address>
         <readonly>true</readonly>
         <executable>true</executable>
         <run_address>0x5644</run_address>
         <size>0x94</size>
         <alignment>0x2</alignment>
         <input_file_ref idref="fl-4"/>
      </object_component>
      <object_component id="oc-277">
         <name>.text.lsm6dsr_fsm_data_rate_get</name>
         <load_address>0x56d8</load_address>
         <readonly>true</readonly>
         <executable>true</executable>
         <run_address>0x56d8</run_address>
         <size>0x92</size>
         <alignment>0x4</alignment>
         <input_file_ref idref="fl-8"/>
      </object_component>
      <object_component id="oc-17a">
         <name>.text.SYSCFG_DL_PWM_Motor_init</name>
         <load_address>0x576c</load_address>
         <readonly>true</readonly>
         <executable>true</executable>
         <run_address>0x576c</run_address>
         <size>0x90</size>
         <alignment>0x4</alignment>
         <input_file_ref idref="fl-2"/>
      </object_component>
      <object_component id="oc-177">
         <name>.text.SYSCFG_DL_initPower</name>
         <load_address>0x57fc</load_address>
         <readonly>true</readonly>
         <executable>true</executable>
         <run_address>0x57fc</run_address>
         <size>0x8c</size>
         <alignment>0x4</alignment>
         <input_file_ref idref="fl-2"/>
      </object_component>
      <object_component id="oc-78">
         <name>.text.__mulsf3</name>
         <load_address>0x5888</load_address>
         <readonly>true</readonly>
         <executable>true</executable>
         <run_address>0x5888</run_address>
         <size>0x8c</size>
         <alignment>0x4</alignment>
         <input_file_ref idref="fl-107"/>
      </object_component>
      <object_component id="oc-188">
         <name>.text.lsm6dsr_i3c_disable_set</name>
         <load_address>0x5914</load_address>
         <readonly>true</readonly>
         <executable>true</executable>
         <run_address>0x5914</run_address>
         <size>0x88</size>
         <alignment>0x2</alignment>
         <input_file_ref idref="fl-8"/>
      </object_component>
      <object_component id="oc-1ca">
         <name>.text.FusionQuaternionNormalise</name>
         <load_address>0x599c</load_address>
         <readonly>true</readonly>
         <executable>true</executable>
         <run_address>0x599c</run_address>
         <size>0x86</size>
         <alignment>0x2</alignment>
         <input_file_ref idref="fl-4"/>
      </object_component>
      <object_component id="oc-183">
         <name>.text.__NVIC_SetPriority</name>
         <load_address>0x5a24</load_address>
         <readonly>true</readonly>
         <executable>true</executable>
         <run_address>0x5a24</run_address>
         <size>0x84</size>
         <alignment>0x4</alignment>
         <input_file_ref idref="fl-9"/>
      </object_component>
      <object_component id="oc-23e">
         <name>.text.__NVIC_SetPriority</name>
         <load_address>0x5aa8</load_address>
         <readonly>true</readonly>
         <executable>true</executable>
         <run_address>0x5aa8</run_address>
         <size>0x84</size>
         <alignment>0x4</alignment>
         <input_file_ref idref="fl-2"/>
      </object_component>
      <object_component id="oc-1c0">
         <name>.text.Feedback</name>
         <load_address>0x5b2c</load_address>
         <readonly>true</readonly>
         <executable>true</executable>
         <run_address>0x5b2c</run_address>
         <size>0x82</size>
         <alignment>0x2</alignment>
         <input_file_ref idref="fl-4"/>
      </object_component>
      <object_component id="oc-74">
         <name>.text.__divsf3</name>
         <load_address>0x5bb0</load_address>
         <readonly>true</readonly>
         <executable>true</executable>
         <run_address>0x5bb0</run_address>
         <size>0x82</size>
         <alignment>0x4</alignment>
         <input_file_ref idref="fl-108"/>
      </object_component>
      <object_component id="oc-cd">
         <name>.text.FusionAhrsUpdateNoMagnetometer</name>
         <load_address>0x5c32</load_address>
         <readonly>true</readonly>
         <executable>true</executable>
         <run_address>0x5c32</run_address>
         <size>0x7c</size>
         <alignment>0x2</alignment>
         <input_file_ref idref="fl-4"/>
      </object_component>
      <object_component id="oc-1c">
         <name>.text:decompress:lzss</name>
         <load_address>0x5cb0</load_address>
         <readonly>true</readonly>
         <executable>true</executable>
         <run_address>0x5cb0</run_address>
         <size>0x7c</size>
         <alignment>0x4</alignment>
         <input_file_ref idref="fl-4b"/>
      </object_component>
      <object_component id="oc-2e1">
         <name>.text.__gedf2</name>
         <load_address>0x5d2c</load_address>
         <readonly>true</readonly>
         <executable>true</executable>
         <run_address>0x5d2c</run_address>
         <size>0x74</size>
         <alignment>0x4</alignment>
         <input_file_ref idref="fl-11d"/>
      </object_component>
      <object_component id="oc-c3">
         <name>.text.__truncdfsf2</name>
         <load_address>0x5da0</load_address>
         <readonly>true</readonly>
         <executable>true</executable>
         <run_address>0x5da0</run_address>
         <size>0x74</size>
         <alignment>0x10</alignment>
         <input_file_ref idref="fl-112"/>
      </object_component>
      <object_component id="oc-123">
         <name>.text.Interrupt_Init</name>
         <load_address>0x5e14</load_address>
         <readonly>true</readonly>
         <executable>true</executable>
         <run_address>0x5e14</run_address>
         <size>0x68</size>
         <alignment>0x4</alignment>
         <input_file_ref idref="fl-a"/>
      </object_component>
      <object_component id="oc-2db">
         <name>.text.__ledf2</name>
         <load_address>0x5e7c</load_address>
         <readonly>true</readonly>
         <executable>true</executable>
         <run_address>0x5e7c</run_address>
         <size>0x68</size>
         <alignment>0x4</alignment>
         <input_file_ref idref="fl-11d"/>
      </object_component>
      <object_component id="oc-2da">
         <name>.text._mcpy</name>
         <load_address>0x5ee4</load_address>
         <readonly>true</readonly>
         <executable>true</executable>
         <run_address>0x5ee4</run_address>
         <size>0x66</size>
         <alignment>0x2</alignment>
         <input_file_ref idref="fl-4c"/>
      </object_component>
      <object_component id="oc-7c">
         <name>.text.Speed_Control</name>
         <load_address>0x5f4c</load_address>
         <readonly>true</readonly>
         <executable>true</executable>
         <run_address>0x5f4c</run_address>
         <size>0x64</size>
         <alignment>0x4</alignment>
         <input_file_ref idref="fl-c"/>
      </object_component>
      <object_component id="oc-20f">
         <name>.text.__aeabi_dcmp</name>
         <load_address>0x5fb0</load_address>
         <readonly>true</readonly>
         <executable>true</executable>
         <run_address>0x5fb0</run_address>
         <size>0x62</size>
         <alignment>0x4</alignment>
         <input_file_ref idref="fl-113"/>
      </object_component>
      <object_component id="oc-f2">
         <name>.text.__aeabi_fcmp</name>
         <load_address>0x6014</load_address>
         <readonly>true</readonly>
         <executable>true</executable>
         <run_address>0x6014</run_address>
         <size>0x62</size>
         <alignment>0x4</alignment>
         <input_file_ref idref="fl-114"/>
      </object_component>
      <object_component id="oc-1a7">
         <name>.text.platform_read</name>
         <load_address>0x6078</load_address>
         <readonly>true</readonly>
         <executable>true</executable>
         <run_address>0x6078</run_address>
         <size>0x60</size>
         <alignment>0x4</alignment>
         <input_file_ref idref="fl-7"/>
      </object_component>
      <object_component id="oc-1c9">
         <name>.text.FusionQuaternionAdd</name>
         <load_address>0x60d8</load_address>
         <readonly>true</readonly>
         <executable>true</executable>
         <run_address>0x60d8</run_address>
         <size>0x5e</size>
         <alignment>0x2</alignment>
         <input_file_ref idref="fl-4"/>
      </object_component>
      <object_component id="oc-276">
         <name>.text.lsm6dsr_fsm_enable_get</name>
         <load_address>0x6136</load_address>
         <readonly>true</readonly>
         <executable>true</executable>
         <run_address>0x6136</run_address>
         <size>0x5e</size>
         <alignment>0x2</alignment>
         <input_file_ref idref="fl-8"/>
      </object_component>
      <object_component id="oc-2ca">
         <name>.text.frexp</name>
         <load_address>0x6194</load_address>
         <readonly>true</readonly>
         <executable>true</executable>
         <run_address>0x6194</run_address>
         <size>0x5c</size>
         <alignment>0x4</alignment>
         <input_file_ref idref="fl-53"/>
      </object_component>
      <object_component id="oc-17c">
         <name>.text.SYSCFG_DL_I2C_OLED_init</name>
         <load_address>0x61f0</load_address>
         <readonly>true</readonly>
         <executable>true</executable>
         <run_address>0x61f0</run_address>
         <size>0x58</size>
         <alignment>0x4</alignment>
         <input_file_ref idref="fl-2"/>
      </object_component>
      <object_component id="oc-2d2">
         <name>.text.__TI_ltoa</name>
         <load_address>0x6248</load_address>
         <readonly>true</readonly>
         <executable>true</executable>
         <run_address>0x6248</run_address>
         <size>0x58</size>
         <alignment>0x2</alignment>
         <input_file_ref idref="fl-57"/>
      </object_component>
      <object_component id="oc-214">
         <name>.text._pconv_f</name>
         <load_address>0x62a0</load_address>
         <readonly>true</readonly>
         <executable>true</executable>
         <run_address>0x62a0</run_address>
         <size>0x58</size>
         <alignment>0x2</alignment>
         <input_file_ref idref="fl-4c"/>
      </object_component>
      <object_component id="oc-1a6">
         <name>.text.platform_write</name>
         <load_address>0x62f8</load_address>
         <readonly>true</readonly>
         <executable>true</executable>
         <run_address>0x62f8</run_address>
         <size>0x58</size>
         <alignment>0x4</alignment>
         <input_file_ref idref="fl-7"/>
      </object_component>
      <object_component id="oc-104">
         <name>.text.__aeabi_idivmod</name>
         <load_address>0x6350</load_address>
         <readonly>true</readonly>
         <executable>true</executable>
         <run_address>0x6350</run_address>
         <size>0x56</size>
         <alignment>0x4</alignment>
         <input_file_ref idref="fl-115"/>
      </object_component>
      <object_component id="oc-b7">
         <name>.text.lsm6dsr_acceleration_raw_get</name>
         <load_address>0x63a6</load_address>
         <readonly>true</readonly>
         <executable>true</executable>
         <run_address>0x63a6</run_address>
         <size>0x56</size>
         <alignment>0x2</alignment>
         <input_file_ref idref="fl-8"/>
      </object_component>
      <object_component id="oc-bd">
         <name>.text.lsm6dsr_angular_rate_raw_get</name>
         <load_address>0x63fc</load_address>
         <readonly>true</readonly>
         <executable>true</executable>
         <run_address>0x63fc</run_address>
         <size>0x56</size>
         <alignment>0x2</alignment>
         <input_file_ref idref="fl-8"/>
      </object_component>
      <object_component id="oc-2d8">
         <name>.text._ecpy</name>
         <load_address>0x6452</load_address>
         <readonly>true</readonly>
         <executable>true</executable>
         <run_address>0x6452</run_address>
         <size>0x52</size>
         <alignment>0x2</alignment>
         <input_file_ref idref="fl-4c"/>
      </object_component>
      <object_component id="oc-1a4">
         <name>.text.FusionOffsetInitialise</name>
         <load_address>0x64a4</load_address>
         <readonly>true</readonly>
         <executable>true</executable>
         <run_address>0x64a4</run_address>
         <size>0x50</size>
         <alignment>0x4</alignment>
         <input_file_ref idref="fl-6"/>
      </object_component>
      <object_component id="oc-1be">
         <name>.text.FusionVectorIsZero</name>
         <load_address>0x64f4</load_address>
         <readonly>true</readonly>
         <executable>true</executable>
         <run_address>0x64f4</run_address>
         <size>0x50</size>
         <alignment>0x2</alignment>
         <input_file_ref idref="fl-4"/>
      </object_component>
      <object_component id="oc-182">
         <name>.text.SysTick_Config</name>
         <load_address>0x6544</load_address>
         <readonly>true</readonly>
         <executable>true</executable>
         <run_address>0x6544</run_address>
         <size>0x50</size>
         <alignment>0x4</alignment>
         <input_file_ref idref="fl-9"/>
      </object_component>
      <object_component id="oc-284">
         <name>.text.spiTransferByte</name>
         <load_address>0x6594</load_address>
         <readonly>true</readonly>
         <executable>true</executable>
         <run_address>0x6594</run_address>
         <size>0x50</size>
         <alignment>0x4</alignment>
         <input_file_ref idref="fl-7"/>
      </object_component>
      <object_component id="oc-264">
         <name>.text.DL_UART_setBaudRateDivisor</name>
         <load_address>0x65e4</load_address>
         <readonly>true</readonly>
         <executable>true</executable>
         <run_address>0x65e4</run_address>
         <size>0x4c</size>
         <alignment>0x4</alignment>
         <input_file_ref idref="fl-2"/>
      </object_component>
      <object_component id="oc-155">
         <name>.text.FusionAsin</name>
         <load_address>0x6630</load_address>
         <readonly>true</readonly>
         <executable>true</executable>
         <run_address>0x6630</run_address>
         <size>0x4c</size>
         <alignment>0x4</alignment>
         <input_file_ref idref="fl-7"/>
      </object_component>
      <object_component id="oc-28f">
         <name>.text.FusionFastInverseSqrt</name>
         <load_address>0x667c</load_address>
         <readonly>true</readonly>
         <executable>true</executable>
         <run_address>0x667c</run_address>
         <size>0x4c</size>
         <alignment>0x4</alignment>
         <input_file_ref idref="fl-4"/>
      </object_component>
      <object_component id="oc-295">
         <name>.text.__fixdfsi</name>
         <load_address>0x66c8</load_address>
         <readonly>true</readonly>
         <executable>true</executable>
         <run_address>0x66c8</run_address>
         <size>0x4a</size>
         <alignment>0x4</alignment>
         <input_file_ref idref="fl-10b"/>
      </object_component>
      <object_component id="oc-6b">
         <name>.text.DISTANCE</name>
         <load_address>0x6714</load_address>
         <readonly>true</readonly>
         <executable>true</executable>
         <run_address>0x6714</run_address>
         <size>0x48</size>
         <alignment>0x4</alignment>
         <input_file_ref idref="fl-1"/>
      </object_component>
      <object_component id="oc-262">
         <name>.text.DL_UART_init</name>
         <load_address>0x675c</load_address>
         <readonly>true</readonly>
         <executable>true</executable>
         <run_address>0x675c</run_address>
         <size>0x48</size>
         <alignment>0x4</alignment>
         <input_file_ref idref="fl-1f"/>
      </object_component>
      <object_component id="oc-179">
         <name>.text.SYSCFG_DL_SYSCTL_init</name>
         <load_address>0x67a4</load_address>
         <readonly>true</readonly>
         <executable>true</executable>
         <run_address>0x67a4</run_address>
         <size>0x48</size>
         <alignment>0x4</alignment>
         <input_file_ref idref="fl-2"/>
      </object_component>
      <object_component id="oc-18d">
         <name>.text.lsm6dsr_gy_full_scale_set</name>
         <load_address>0x67ec</load_address>
         <readonly>true</readonly>
         <executable>true</executable>
         <run_address>0x67ec</run_address>
         <size>0x48</size>
         <alignment>0x2</alignment>
         <input_file_ref idref="fl-8"/>
      </object_component>
      <object_component id="oc-1c7">
         <name>.text.FusionVectorAdd</name>
         <load_address>0x6834</load_address>
         <readonly>true</readonly>
         <executable>true</executable>
         <run_address>0x6834</run_address>
         <size>0x46</size>
         <alignment>0x2</alignment>
         <input_file_ref idref="fl-4"/>
      </object_component>
      <object_component id="oc-148">
         <name>.text.FusionVectorAdd</name>
         <load_address>0x687a</load_address>
         <readonly>true</readonly>
         <executable>true</executable>
         <run_address>0x687a</run_address>
         <size>0x46</size>
         <alignment>0x2</alignment>
         <input_file_ref idref="fl-6"/>
      </object_component>
      <object_component id="oc-291">
         <name>.text.FusionVectorHadamardProduct</name>
         <load_address>0x68c0</load_address>
         <readonly>true</readonly>
         <executable>true</executable>
         <run_address>0x68c0</run_address>
         <size>0x46</size>
         <alignment>0x2</alignment>
         <input_file_ref idref="fl-4"/>
      </object_component>
      <object_component id="oc-143">
         <name>.text.FusionVectorHadamardProduct</name>
         <load_address>0x6906</load_address>
         <readonly>true</readonly>
         <executable>true</executable>
         <run_address>0x6906</run_address>
         <size>0x46</size>
         <alignment>0x2</alignment>
         <input_file_ref idref="fl-7"/>
      </object_component>
      <object_component id="oc-145">
         <name>.text.FusionVectorSubtract</name>
         <load_address>0x694c</load_address>
         <readonly>true</readonly>
         <executable>true</executable>
         <run_address>0x694c</run_address>
         <size>0x46</size>
         <alignment>0x2</alignment>
         <input_file_ref idref="fl-6"/>
      </object_component>
      <object_component id="oc-142">
         <name>.text.FusionVectorSubtract</name>
         <load_address>0x6992</load_address>
         <readonly>true</readonly>
         <executable>true</executable>
         <run_address>0x6992</run_address>
         <size>0x46</size>
         <alignment>0x2</alignment>
         <input_file_ref idref="fl-7"/>
      </object_component>
      <object_component id="oc-189">
         <name>.text.lsm6dsr_block_data_update_set</name>
         <load_address>0x69d8</load_address>
         <readonly>true</readonly>
         <executable>true</executable>
         <run_address>0x69d8</run_address>
         <size>0x46</size>
         <alignment>0x2</alignment>
         <input_file_ref idref="fl-8"/>
      </object_component>
      <object_component id="oc-18e">
         <name>.text.lsm6dsr_gy_filter_lp1_set</name>
         <load_address>0x6a1e</load_address>
         <readonly>true</readonly>
         <executable>true</executable>
         <run_address>0x6a1e</run_address>
         <size>0x46</size>
         <alignment>0x2</alignment>
         <input_file_ref idref="fl-8"/>
      </object_component>
      <object_component id="oc-186">
         <name>.text.lsm6dsr_reset_set</name>
         <load_address>0x6a64</load_address>
         <readonly>true</readonly>
         <executable>true</executable>
         <run_address>0x6a64</run_address>
         <size>0x46</size>
         <alignment>0x2</alignment>
         <input_file_ref idref="fl-8"/>
      </object_component>
      <object_component id="oc-18c">
         <name>.text.lsm6dsr_xl_full_scale_set</name>
         <load_address>0x6aaa</load_address>
         <readonly>true</readonly>
         <executable>true</executable>
         <run_address>0x6aaa</run_address>
         <size>0x46</size>
         <alignment>0x2</alignment>
         <input_file_ref idref="fl-8"/>
      </object_component>
      <object_component id="oc-26e">
         <name>.text.DL_SPI_init</name>
         <load_address>0x6af0</load_address>
         <readonly>true</readonly>
         <executable>true</executable>
         <run_address>0x6af0</run_address>
         <size>0x44</size>
         <alignment>0x4</alignment>
         <input_file_ref idref="fl-1d"/>
      </object_component>
      <object_component id="oc-23d">
         <name>.text.DL_SYSCTL_switchMCLKfromSYSOSCtoHSCLK</name>
         <load_address>0x6b34</load_address>
         <readonly>true</readonly>
         <executable>true</executable>
         <run_address>0x6b34</run_address>
         <size>0x44</size>
         <alignment>0x4</alignment>
         <input_file_ref idref="fl-20"/>
      </object_component>
      <object_component id="oc-191">
         <name>.text.lsm6dsr_data_ready_mode_set</name>
         <load_address>0x6b78</load_address>
         <readonly>true</readonly>
         <executable>true</executable>
         <run_address>0x6b78</run_address>
         <size>0x44</size>
         <alignment>0x2</alignment>
         <input_file_ref idref="fl-8"/>
      </object_component>
      <object_component id="oc-278">
         <name>.text.lsm6dsr_mem_bank_set</name>
         <load_address>0x6bbc</load_address>
         <readonly>true</readonly>
         <executable>true</executable>
         <run_address>0x6bbc</run_address>
         <size>0x44</size>
         <alignment>0x2</alignment>
         <input_file_ref idref="fl-8"/>
      </object_component>
      <object_component id="oc-290">
         <name>.text.FusionVectorDotProduct</name>
         <load_address>0x6c00</load_address>
         <readonly>true</readonly>
         <executable>true</executable>
         <run_address>0x6c00</run_address>
         <size>0x40</size>
         <alignment>0x2</alignment>
         <input_file_ref idref="fl-4"/>
      </object_component>
      <object_component id="oc-17b">
         <name>.text.SYSCFG_DL_PIT_FOR_CONTROL_init</name>
         <load_address>0x6c40</load_address>
         <readonly>true</readonly>
         <executable>true</executable>
         <run_address>0x6c40</run_address>
         <size>0x40</size>
         <alignment>0x4</alignment>
         <input_file_ref idref="fl-2"/>
      </object_component>
      <object_component id="oc-17e">
         <name>.text.SYSCFG_DL_SPI_IMU660RB_init</name>
         <load_address>0x6c80</load_address>
         <readonly>true</readonly>
         <executable>true</executable>
         <run_address>0x6c80</run_address>
         <size>0x40</size>
         <alignment>0x4</alignment>
         <input_file_ref idref="fl-2"/>
      </object_component>
      <object_component id="oc-17d">
         <name>.text.SYSCFG_DL_UART_0_init</name>
         <load_address>0x6cc0</load_address>
         <readonly>true</readonly>
         <executable>true</executable>
         <run_address>0x6cc0</run_address>
         <size>0x40</size>
         <alignment>0x4</alignment>
         <input_file_ref idref="fl-2"/>
      </object_component>
      <object_component id="oc-1f2">
         <name>.text.__aeabi_uidivmod</name>
         <load_address>0x6d00</load_address>
         <readonly>true</readonly>
         <executable>true</executable>
         <run_address>0x6d00</run_address>
         <size>0x40</size>
         <alignment>0x4</alignment>
         <input_file_ref idref="fl-118"/>
      </object_component>
      <object_component id="oc-87">
         <name>.text.__extendsfdf2</name>
         <load_address>0x6d40</load_address>
         <readonly>true</readonly>
         <executable>true</executable>
         <run_address>0x6d40</run_address>
         <size>0x40</size>
         <alignment>0x4</alignment>
         <input_file_ref idref="fl-10a"/>
      </object_component>
      <object_component id="oc-1f8">
         <name>.text.atoi</name>
         <load_address>0x6d80</load_address>
         <readonly>true</readonly>
         <executable>true</executable>
         <run_address>0x6d80</run_address>
         <size>0x40</size>
         <alignment>0x4</alignment>
         <input_file_ref idref="fl-59"/>
      </object_component>
      <object_component id="oc-13d">
         <name>.text.lsm6dsr_read_reg</name>
         <load_address>0x6dc0</load_address>
         <readonly>true</readonly>
         <executable>true</executable>
         <run_address>0x6dc0</run_address>
         <size>0x40</size>
         <alignment>0x2</alignment>
         <input_file_ref idref="fl-8"/>
      </object_component>
      <object_component id="oc-275">
         <name>.text.lsm6dsr_write_reg</name>
         <load_address>0x6e00</load_address>
         <readonly>true</readonly>
         <executable>true</executable>
         <run_address>0x6e00</run_address>
         <size>0x40</size>
         <alignment>0x2</alignment>
         <input_file_ref idref="fl-8"/>
      </object_component>
      <object_component id="oc-227">
         <name>.text.DL_GPIO_initPeripheralInputFunctionFeatures</name>
         <load_address>0x6e40</load_address>
         <readonly>true</readonly>
         <executable>true</executable>
         <run_address>0x6e40</run_address>
         <size>0x3c</size>
         <alignment>0x4</alignment>
         <input_file_ref idref="fl-2"/>
      </object_component>
      <object_component id="oc-242">
         <name>.text.DL_Timer_setCounterControl</name>
         <load_address>0x6e7c</load_address>
         <readonly>true</readonly>
         <executable>true</executable>
         <run_address>0x6e7c</run_address>
         <size>0x3c</size>
         <alignment>0x4</alignment>
         <input_file_ref idref="fl-2"/>
      </object_component>
      <object_component id="oc-e3">
         <name>.text.__floatsisf</name>
         <load_address>0x6eb8</load_address>
         <readonly>true</readonly>
         <executable>true</executable>
         <run_address>0x6eb8</run_address>
         <size>0x3c</size>
         <alignment>0x4</alignment>
         <input_file_ref idref="fl-10f"/>
      </object_component>
      <object_component id="oc-15d">
         <name>.text.__gtsf2</name>
         <load_address>0x6ef4</load_address>
         <readonly>true</readonly>
         <executable>true</executable>
         <run_address>0x6ef4</run_address>
         <size>0x3c</size>
         <alignment>0x4</alignment>
         <input_file_ref idref="fl-11a"/>
      </object_component>
      <object_component id="oc-12b">
         <name>.text:__TI_auto_init_nobinit_nopinit</name>
         <load_address>0x6f30</load_address>
[...]
         <value>0x79bd</value>
         <object_component_ref idref="oc-243"/>
      </symbol>
      <symbol id="sm-357">
         <name>DL_Timer_initFourCCPWMMode</name>
         <value>0x430d</value>
         <object_component_ref idref="oc-241"/>
      </symbol>
      <symbol id="sm-364">
         <name>DL_UART_init</name>
         <value>0x675d</value>
         <object_component_ref idref="oc-262"/>
      </symbol>
      <symbol id="sm-365">
         <name>DL_UART_setClockConfig</name>
         <value>0x7bef</value>
         <object_component_ref idref="oc-25c"/>
      </symbol>
      <symbol id="sm-373">
         <name>DL_SYSCTL_configSYSPLL</name>
         <value>0x4a9d</value>
         <object_component_ref idref="oc-236"/>
      </symbol>
      <symbol id="sm-374">
         <name>DL_SYSCTL_switchMCLKfromSYSOSCtoHSCLK</name>
         <value>0x6b35</value>
         <object_component_ref idref="oc-23d"/>
      </symbol>
      <symbol id="sm-382">
         <name>asinf</name>
         <value>0x35e1</value>
         <object_component_ref idref="oc-1e1"/>
      </symbol>
      <symbol id="sm-390">
         <name>atan2f</name>
         <value>0x3fdd</value>
         <object_component_ref idref="oc-150"/>
      </symbol>
      <symbol id="sm-3bc">
         <name>powf</name>
         <value>0xa91</value>
         <object_component_ref idref="oc-2f2"/>
      </symbol>
      <symbol id="sm-3c6">
         <name>sqrtf</name>
         <value>0x53d1</value>
         <object_component_ref idref="oc-323"/>
      </symbol>
      <symbol id="sm-3da">
         <name>atanf</name>
         <value>0x2c15</value>
         <object_component_ref idref="oc-1d8"/>
      </symbol>
      <symbol id="sm-3f9">
         <name>cosf</name>
         <value>0x2a41</value>
         <object_component_ref idref="oc-1cb"/>
      </symbol>
      <symbol id="sm-403">
         <name>scalbnf</name>
         <value>0x5079</value>
         <object_component_ref idref="oc-32f"/>
      </symbol>
      <symbol id="sm-404">
         <name>ldexpf</name>
         <value>0x5079</value>
         <object_component_ref idref="oc-32f"/>
      </symbol>
      <symbol id="sm-423">
         <name>sinf</name>
         <value>0x2ddd</value>
         <object_component_ref idref="oc-1d1"/>
      </symbol>
      <symbol id="sm-434">
         <name>sprintf</name>
         <value>0x701d</value>
         <object_component_ref idref="oc-8b"/>
      </symbol>
      <symbol id="sm-43e">
         <name>sqrt</name>
         <value>0x3471</value>
         <object_component_ref idref="oc-2af"/>
      </symbol>
      <symbol id="sm-43f">
         <name>sqrtl</name>
         <value>0x3471</value>
         <object_component_ref idref="oc-2af"/>
      </symbol>
      <symbol id="sm-44a">
         <name>__aeabi_errno_addr</name>
         <value>0x7d19</value>
         <object_component_ref idref="oc-200"/>
      </symbol>
      <symbol id="sm-44b">
         <name>__aeabi_errno</name>
         <value>0x2020018c</value>
         <object_component_ref idref="oc-2c0"/>
      </symbol>
      <symbol id="sm-467">
         <name>__kernel_rem_pio2</name>
         <value>0x1149</value>
         <object_component_ref idref="oc-29a"/>
      </symbol>
      <symbol id="sm-475">
         <name>_c_int00_noargs</name>
         <value>0x73f9</value>
         <object_component_ref idref="oc-56"/>
      </symbol>
      <symbol id="sm-476">
         <name>__stack</name>
         <value>0x20207e00</value>
         <object_component_ref idref="oc-1a"/>
      </symbol>
      <symbol id="sm-485">
         <name>__TI_auto_init_nobinit_nopinit</name>
         <value>0x6f31</value>
         <object_component_ref idref="oc-12b"/>
      </symbol>
      <symbol id="sm-48d">
         <name>_system_pre_init</name>
         <value>0x7e09</value>
         <object_component_ref idref="oc-a4"/>
      </symbol>
      <symbol id="sm-498">
         <name>__TI_zero_init_nomemset</name>
         <value>0x7afd</value>
         <object_component_ref idref="oc-4d"/>
      </symbol>
      <symbol id="sm-4a1">
         <name>__TI_decompress_none</name>
         <value>0x7c13</value>
         <object_component_ref idref="oc-20"/>
      </symbol>
      <symbol id="sm-4ac">
         <name>__TI_decompress_lzss</name>
         <value>0x5cb1</value>
         <object_component_ref idref="oc-1c"/>
      </symbol>
      <symbol id="sm-4f5">
         <name>__TI_printfi</name>
         <value>0xc1</value>
         <object_component_ref idref="oc-16f"/>
      </symbol>
      <symbol id="sm-502">
         <name>wcslen</name>
         <value>0x7c85</value>
         <object_component_ref idref="oc-1fc"/>
      </symbol>
      <symbol id="sm-50c">
         <name>floor</name>
         <value>0x39d5</value>
         <object_component_ref idref="oc-301"/>
      </symbol>
      <symbol id="sm-50d">
         <name>floorl</name>
         <value>0x39d5</value>
         <object_component_ref idref="oc-301"/>
      </symbol>
      <symbol id="sm-517">
         <name>frexp</name>
         <value>0x6195</value>
         <object_component_ref idref="oc-2ca"/>
      </symbol>
      <symbol id="sm-518">
         <name>frexpl</name>
         <value>0x6195</value>
         <object_component_ref idref="oc-2ca"/>
      </symbol>
      <symbol id="sm-522">
         <name>scalbn</name>
         <value>0x4d29</value>
         <object_component_ref idref="oc-2ce"/>
      </symbol>
      <symbol id="sm-523">
         <name>ldexp</name>
         <value>0x4d29</value>
         <object_component_ref idref="oc-2ce"/>
      </symbol>
      <symbol id="sm-524">
         <name>scalbnl</name>
         <value>0x4d29</value>
         <object_component_ref idref="oc-2ce"/>
      </symbol>
      <symbol id="sm-525">
         <name>ldexpl</name>
         <value>0x4d29</value>
         <object_component_ref idref="oc-2ce"/>
      </symbol>
      <symbol id="sm-52f">
         <name>abort</name>
         <value>0x7e0d</value>
         <object_component_ref idref="oc-124"/>
      </symbol>
      <symbol id="sm-530">
         <name>C$$EXIT</name>
         <value>0x7e0c</value>
         <object_component_ref idref="oc-124"/>
      </symbol>
      <symbol id="sm-53a">
         <name>__TI_ltoa</name>
         <value>0x6249</value>
         <object_component_ref idref="oc-2d2"/>
      </symbol>
      <symbol id="sm-545">
         <name>atoi</name>
         <value>0x6d81</value>
         <object_component_ref idref="oc-1f8"/>
      </symbol>
      <symbol id="sm-54e">
         <name>memccpy</name>
         <value>0x7521</value>
         <object_component_ref idref="oc-1ed"/>
      </symbol>
      <symbol id="sm-551">
         <name>__aeabi_ctype_table_</name>
         <value>0x7f20</value>
         <object_component_ref idref="oc-2b9"/>
      </symbol>
      <symbol id="sm-552">
         <name>__aeabi_ctype_table_C</name>
         <value>0x7f20</value>
         <object_component_ref idref="oc-2b9"/>
      </symbol>
      <symbol id="sm-568">
         <name>__aeabi_fadd</name>
         <value>0x4e0b</value>
         <object_component_ref idref="oc-70"/>
      </symbol>
      <symbol id="sm-569">
         <name>__addsf3</name>
         <value>0x4e0b</value>
         <object_component_ref idref="oc-70"/>
      </symbol>
      <symbol id="sm-56a">
         <name>__aeabi_fsub</name>
         <value>0x4e01</value>
         <object_component_ref idref="oc-70"/>
      </symbol>
      <symbol id="sm-56b">
         <name>__subsf3</name>
         <value>0x4e01</value>
         <object_component_ref idref="oc-70"/>
      </symbol>
      <symbol id="sm-577">
         <name>__aeabi_dadd</name>
         <value>0x3173</value>
         <object_component_ref idref="oc-19b"/>
      </symbol>
      <symbol id="sm-578">
         <name>__adddf3</name>
         <value>0x3173</value>
         <object_component_ref idref="oc-19b"/>
      </symbol>
      <symbol id="sm-579">
         <name>__aeabi_dsub</name>
         <value>0x3169</value>
         <object_component_ref idref="oc-19b"/>
      </symbol>
      <symbol id="sm-57a">
         <name>__subdf3</name>
         <value>0x3169</value>
         <object_component_ref idref="oc-19b"/>
      </symbol>
      <symbol id="sm-586">
         <name>__aeabi_dmul</name>
         <value>0x49b9</value>
         <object_component_ref idref="oc-197"/>
      </symbol>
      <symbol id="sm-587">
         <name>__muldf3</name>
         <value>0x49b9</value>
         <object_component_ref idref="oc-197"/>
      </symbol>
      <symbol id="sm-590">
         <name>__muldsi3</name>
         <value>0x6fa9</value>
         <object_component_ref idref="oc-eb"/>
      </symbol>
      <symbol id="sm-596">
         <name>__aeabi_fmul</name>
         <value>0x5889</value>
         <object_component_ref idref="oc-78"/>
      </symbol>
      <symbol id="sm-597">
         <name>__mulsf3</name>
         <value>0x5889</value>
         <object_component_ref idref="oc-78"/>
      </symbol>
      <symbol id="sm-5a0">
         <name>__aeabi_fdiv</name>
         <value>0x5bb1</value>
         <object_component_ref idref="oc-74"/>
      </symbol>
      <symbol id="sm-5a1">
         <name>__divsf3</name>
         <value>0x5bb1</value>
         <object_component_ref idref="oc-74"/>
      </symbol>
      <symbol id="sm-5aa">
         <name>__aeabi_ddiv</name>
         <value>0x40f5</value>
         <object_component_ref idref="oc-bf"/>
      </symbol>
      <symbol id="sm-5ab">
         <name>__divdf3</name>
         <value>0x40f5</value>
         <object_component_ref idref="oc-bf"/>
      </symbol>
      <symbol id="sm-5b1">
         <name>__aeabi_f2d</name>
         <value>0x6d41</value>
         <object_component_ref idref="oc-87"/>
      </symbol>
      <symbol id="sm-5b2">
         <name>__extendsfdf2</name>
         <value>0x6d41</value>
         <object_component_ref idref="oc-87"/>
      </symbol>
      <symbol id="sm-5bb">
         <name>__aeabi_d2iz</name>
         <value>0x66c9</value>
         <object_component_ref idref="oc-295"/>
      </symbol>
      <symbol id="sm-5bc">
         <name>__fixdfsi</name>
         <value>0x66c9</value>
         <object_component_ref idref="oc-295"/>
      </symbol>
      <symbol id="sm-5c2">
         <name>__aeabi_f2iz</name>
         <value>0x6fe5</value>
         <object_component_ref idref="oc-f6"/>
      </symbol>
      <symbol id="sm-5c3">
         <name>__fixsfsi</name>
         <value>0x6fe5</value>
         <object_component_ref idref="oc-f6"/>
      </symbol>
      <symbol id="sm-5c9">
         <name>__aeabi_f2uiz</name>
         <value>0x715d</value>
         <object_component_ref idref="oc-1a0"/>
      </symbol>
      <symbol id="sm-5ca">
         <name>__fixunssfsi</name>
         <value>0x715d</value>
         <object_component_ref idref="oc-1a0"/>
      </symbol>
      <symbol id="sm-5d0">
         <name>__aeabi_i2d</name>
         <value>0x72d9</value>
         <object_component_ref idref="oc-193"/>
      </symbol>
      <symbol id="sm-5d1">
         <name>__floatsidf</name>
         <value>0x72d9</value>
         <object_component_ref idref="oc-193"/>
      </symbol>
      <symbol id="sm-5d7">
         <name>__aeabi_i2f</name>
         <value>0x6eb9</value>
         <object_component_ref idref="oc-e3"/>
      </symbol>
      <symbol id="sm-5d8">
         <name>__floatsisf</name>
         <value>0x6eb9</value>
         <object_component_ref idref="oc-e3"/>
      </symbol>
      <symbol id="sm-5de">
         <name>__aeabi_ui2f</name>
         <value>0x73d1</value>
         <object_component_ref idref="oc-27f"/>
      </symbol>
      <symbol id="sm-5df">
         <name>__floatunsisf</name>
         <value>0x73d1</value>
         <object_component_ref idref="oc-27f"/>
      </symbol>
      <symbol id="sm-5e5">
         <name>__aeabi_lmul</name>
         <value>0x74b9</value>
         <object_component_ref idref="oc-205"/>
      </symbol>
      <symbol id="sm-5e6">
         <name>__muldi3</name>
         <value>0x74b9</value>
         <object_component_ref idref="oc-205"/>
      </symbol>
      <symbol id="sm-5ed">
         <name>__aeabi_d2f</name>
         <value>0x5da1</value>
         <object_component_ref idref="oc-c3"/>
      </symbol>
      <symbol id="sm-5ee">
         <name>__truncdfsf2</name>
         <value>0x5da1</value>
         <object_component_ref idref="oc-c3"/>
      </symbol>
      <symbol id="sm-5f4">
         <name>__aeabi_dcmpeq</name>
         <value>0x5fb1</value>
         <object_component_ref idref="oc-20f"/>
      </symbol>
      <symbol id="sm-5f5">
         <name>__aeabi_dcmplt</name>
         <value>0x5fc5</value>
         <object_component_ref idref="oc-20f"/>
      </symbol>
      <symbol id="sm-5f6">
         <name>__aeabi_dcmple</name>
         <value>0x5fd9</value>
         <object_component_ref idref="oc-20f"/>
      </symbol>
      <symbol id="sm-5f7">
         <name>__aeabi_dcmpge</name>
         <value>0x5fed</value>
         <object_component_ref idref="oc-20f"/>
      </symbol>
      <symbol id="sm-5f8">
         <name>__aeabi_dcmpgt</name>
         <value>0x6001</value>
         <object_component_ref idref="oc-20f"/>
      </symbol>
      <symbol id="sm-5fe">
         <name>__aeabi_fcmpeq</name>
         <value>0x6015</value>
         <object_component_ref idref="oc-f2"/>
      </symbol>
      <symbol id="sm-5ff">
         <name>__aeabi_fcmplt</name>
         <value>0x6029</value>
         <object_component_ref idref="oc-f2"/>
      </symbol>
      <symbol id="sm-600">
         <name>__aeabi_fcmple</name>
         <value>0x603d</value>
         <object_component_ref idref="oc-f2"/>
      </symbol>
      <symbol id="sm-601">
         <name>__aeabi_fcmpge</name>
         <value>0x6051</value>
         <object_component_ref idref="oc-f2"/>
      </symbol>
      <symbol id="sm-602">
         <name>__aeabi_fcmpgt</name>
         <value>0x6065</value>
         <object_component_ref idref="oc-f2"/>
      </symbol>
      <symbol id="sm-608">
         <name>__aeabi_idiv</name>
         <value>0x6351</value>
         <object_component_ref idref="oc-104"/>
      </symbol>
      <symbol id="sm-609">
         <name>__aeabi_idivmod</name>
         <value>0x6351</value>
         <object_component_ref idref="oc-104"/>
      </symbol>
      <symbol id="sm-60f">
         <name>__aeabi_memcpy</name>
         <value>0x7d21</value>
         <object_component_ref idref="oc-46"/>
      </symbol>
      <symbol id="sm-610">
         <name>__aeabi_memcpy4</name>
         <value>0x7d21</value>
         <object_component_ref idref="oc-46"/>
      </symbol>
      <symbol id="sm-611">
         <name>__aeabi_memcpy8</name>
         <value>0x7d21</value>
         <object_component_ref idref="oc-46"/>
      </symbol>
      <symbol id="sm-618">
         <name>__aeabi_memset</name>
         <value>0x7c95</value>
         <object_component_ref idref="oc-1ec"/>
      </symbol>
      <symbol id="sm-619">
         <name>__aeabi_memset4</name>
         <value>0x7c95</value>
         <object_component_ref idref="oc-1ec"/>
      </symbol>
      <symbol id="sm-61a">
         <name>__aeabi_memset8</name>
         <value>0x7c95</value>
         <object_component_ref idref="oc-1ec"/>
      </symbol>
      <symbol id="sm-620">
         <name>__aeabi_uidiv</name>
         <value>0x6d01</value>
         <object_component_ref idref="oc-1f2"/>
      </symbol>
      <symbol id="sm-621">
         <name>__aeabi_uidivmod</name>
         <value>0x6d01</value>
         <object_component_ref idref="oc-1f2"/>
      </symbol>
      <symbol id="sm-627">
         <name>__aeabi_uldivmod</name>
         <value>0x7bb5</value>
         <object_component_ref idref="oc-20a"/>
      </symbol>
      <symbol id="sm-630">
         <name>__eqsf2</name>
         <value>0x6f6d</value>
         <object_component_ref idref="oc-158"/>
      </symbol>
      <symbol id="sm-631">
         <name>__lesf2</name>
         <value>0x6f6d</value>
         <object_component_ref idref="oc-158"/>
      </symbol>
      <symbol id="sm-632">
         <name>__ltsf2</name>
         <value>0x6f6d</value>
         <object_component_ref idref="oc-158"/>
      </symbol>
      <symbol id="sm-633">
         <name>__nesf2</name>
         <value>0x6f6d</value>
         <object_component_ref idref="oc-158"/>
      </symbol>
      <symbol id="sm-634">
         <name>__cmpsf2</name>
         <value>0x6f6d</value>
         <object_component_ref idref="oc-158"/>
      </symbol>
      <symbol id="sm-635">
         <name>__gtsf2</name>
         <value>0x6ef5</value>
         <object_component_ref idref="oc-15d"/>
      </symbol>
      <symbol id="sm-636">
         <name>__gesf2</name>
         <value>0x6ef5</value>
         <object_component_ref idref="oc-15d"/>
      </symbol>
      <symbol id="sm-63c">
         <name>__udivmoddi4</name>
         <value>0x532d</value>
         <object_component_ref idref="oc-2c5"/>
      </symbol>
      <symbol id="sm-642">
         <name>__aeabi_llsl</name>
         <value>0x7605</value>
         <object_component_ref idref="oc-312"/>
      </symbol>
      <symbol id="sm-643">
         <name>__ashldi3</name>
         <value>0x7605</value>
         <object_component_ref idref="oc-312"/>
      </symbol>
      <symbol id="sm-651">
         <name>__ledf2</name>
         <value>0x5e7d</value>
         <object_component_ref idref="oc-2db"/>
      </symbol>
      <symbol id="sm-652">
         <name>__gedf2</name>
         <value>0x5d2d</value>
         <object_component_ref idref="oc-2e1"/>
      </symbol>
      <symbol id="sm-653">
         <name>__cmpdf2</name>
         <value>0x5e7d</value>
         <object_component_ref idref="oc-2db"/>
      </symbol>
      <symbol id="sm-654">
         <name>__eqdf2</name>
         <value>0x5e7d</value>
         <object_component_ref idref="oc-2db"/>
      </symbol>
      <symbol id="sm-655">
         <name>__ltdf2</name>
         <value>0x5e7d</value>
         <object_component_ref idref="oc-2db"/>
      </symbol>
      <symbol id="sm-656">
         <name>__nedf2</name>
         <value>0x5e7d</value>
         <object_component_ref idref="oc-2db"/>
      </symbol>
      <symbol id="sm-657">
         <name>__gtdf2</name>
         <value>0x5d2d</value>
         <object_component_ref idref="oc-2e1"/>
      </symbol>
      <symbol id="sm-663">
         <name>__aeabi_idiv0</name>
         <value>0x1b8f</value>
         <object_component_ref idref="oc-162"/>
      </symbol>
      <symbol id="sm-664">
         <name>__aeabi_ldiv0</name>
         <value>0x249b</value>
         <object_component_ref idref="oc-311"/>
      </symbol>
      <symbol id="sm-66e">
         <name>TI_memcpy_small</name>
         <value>0x7c01</value>
         <object_component_ref idref="oc-111"/>
      </symbol>
      <symbol id="sm-677">
         <name>TI_memset_small</name>
         <value>0x7cb1</value>
         <object_component_ref idref="oc-171"/>
      </symbol>
      <symbol id="sm-678">
         <name>__TI_static_base__</name>
         <value>0x0</value>
      </symbol>
      <symbol id="sm-67c">
         <name>__mpu_init</name>
         <value>0x0</value>
      </symbol>
      <symbol id="sm-67d">
         <name>_system_post_cinit</name>
         <value>0x0</value>
      </symbol>
   </symbol_table>
   <title>Link successful</title>
</link_info>
